Component: ARM Compiler 5.06 update 7 (build 960) Tool: armlink [4d3601]

==============================================================================

Section Cross References

    startup_stm32l476xx.o(STACK) refers (Special) to heapauxi.o(.text) for __use_two_region_memory
    startup_stm32l476xx.o(HEAP) refers (Special) to heapauxi.o(.text) for __use_two_region_memory
    startup_stm32l476xx.o(RESET) refers (Special) to heapauxi.o(.text) for __use_two_region_memory
    startup_stm32l476xx.o(RESET) refers to startup_stm32l476xx.o(STACK) for __initial_sp
    startup_stm32l476xx.o(RESET) refers to startup_stm32l476xx.o(.text) for Reset_Handler
    startup_stm32l476xx.o(RESET) refers to stm32l4xx_it.o(i.NMI_Handler) for NMI_Handler
    startup_stm32l476xx.o(RESET) refers to stm32l4xx_it.o(i.HardFault_Handler) for HardFault_Handler
    startup_stm32l476xx.o(RESET) refers to stm32l4xx_it.o(i.MemManage_Handler) for MemManage_Handler
    startup_stm32l476xx.o(RESET) refers to stm32l4xx_it.o(i.BusFault_Handler) for BusFault_Handler
    startup_stm32l476xx.o(RESET) refers to stm32l4xx_it.o(i.UsageFault_Handler) for UsageFault_Handler
    startup_stm32l476xx.o(RESET) refers to stm32l4xx_it.o(i.SVC_Handler) for SVC_Handler
    startup_stm32l476xx.o(RESET) refers to stm32l4xx_it.o(i.DebugMon_Handler) for DebugMon_Handler
    startup_stm32l476xx.o(RESET) refers to stm32l4xx_it.o(i.PendSV_Handler) for PendSV_Handler
    startup_stm32l476xx.o(RESET) refers to stm32l4xx_it.o(i.SysTick_Handler) for SysTick_Handler
    startup_stm32l476xx.o(RESET) refers to stm32l4xx_it.o(i.TIM3_IRQHandler) for TIM3_IRQHandler
    startup_stm32l476xx.o(RESET) refers to stm32l4xx_it.o(i.USART2_IRQHandler) for USART2_IRQHandler
    startup_stm32l476xx.o(.text) refers (Special) to heapauxi.o(.text) for __use_two_region_memory
    startup_stm32l476xx.o(.text) refers to system_stm32l4xx.o(i.SystemInit) for SystemInit
    startup_stm32l476xx.o(.text) refers to __main.o(!!!main) for __main
    startup_stm32l476xx.o(.text) refers to startup_stm32l476xx.o(HEAP) for Heap_Mem
    startup_stm32l476xx.o(.text) refers to startup_stm32l476xx.o(STACK) for Stack_Mem
    encoder.o(i.GetTim4Encoder) refers to tim.o(.bss) for htim4
    encoder.o(i.GetTim4Encoder) refers to encoder.o(.data) for .data
    pid.o(i.PID) refers to pid.o(.data) for .data
    main.o(i.HAL_TIM_PeriodElapsedCallback) refers to encoder.o(i.GetTim4Encoder) for GetTim4Encoder
    main.o(i.HAL_TIM_PeriodElapsedCallback) refers to dflt_clz.o(x$fpl$dflt) for __aeabi_i2d
    main.o(i.HAL_TIM_PeriodElapsedCallback) refers to dmul.o(x$fpl$dmul) for __aeabi_dmul
    main.o(i.HAL_TIM_PeriodElapsedCallback) refers to ddiv.o(x$fpl$ddiv) for __aeabi_ddiv
    main.o(i.HAL_TIM_PeriodElapsedCallback) refers to d2f.o(x$fpl$d2f) for __aeabi_d2f
    main.o(i.HAL_TIM_PeriodElapsedCallback) refers to pid.o(i.PID) for PID
    main.o(i.HAL_TIM_PeriodElapsedCallback) refers to stm32l4xx_hal_gpio.o(i.HAL_GPIO_WritePin) for HAL_GPIO_WritePin
    main.o(i.HAL_TIM_PeriodElapsedCallback) refers to tim.o(.bss) for htim3
    main.o(i.HAL_TIM_PeriodElapsedCallback) refers to main.o(.data) for .data
    main.o(i.HAL_UART_RxCpltCallback) refers to stm32l4xx_hal_uart.o(i.HAL_UART_Receive_IT) for HAL_UART_Receive_IT
    main.o(i.HAL_UART_RxCpltCallback) refers to main.o(.data) for .data
    main.o(i.HAL_UART_RxCpltCallback) refers to usart.o(.bss) for huart2
    main.o(i.SystemClock_Config) refers to rt_memclr_w.o(.text) for __aeabi_memclr4
    main.o(i.SystemClock_Config) refers to stm32l4xx_hal_rcc.o(i.HAL_RCC_OscConfig) for HAL_RCC_OscConfig
    main.o(i.SystemClock_Config) refers to stm32l4xx_hal_rcc.o(i.HAL_RCC_ClockConfig) for HAL_RCC_ClockConfig
    main.o(i.SystemClock_Config) refers to stm32l4xx_hal_rcc_ex.o(i.HAL_RCCEx_PeriphCLKConfig) for HAL_RCCEx_PeriphCLKConfig
    main.o(i.SystemClock_Config) refers to stm32l4xx_hal_pwr_ex.o(i.HAL_PWREx_ControlVoltageScaling) for HAL_PWREx_ControlVoltageScaling
    main.o(i.fputc) refers to stm32l4xx_hal_uart.o(i.HAL_UART_Transmit) for HAL_UART_Transmit
    main.o(i.fputc) refers to stm32l4xx_hal.o(i.HAL_Delay) for HAL_Delay
    main.o(i.fputc) refers to usart.o(.bss) for huart2
    main.o(i.main) refers to _printf_percent.o(.ARM.Collect$$_printf_percent$$00000000) for _printf_percent
    main.o(i.main) refers to _printf_f.o(.ARM.Collect$$_printf_percent$$00000003) for _printf_f
    main.o(i.main) refers to printf1.o(x$fpl$printf1) for _printf_fp_dec
    main.o(i.main) refers to stm32l4xx_hal.o(i.HAL_Init) for HAL_Init
    main.o(i.main) refers to main.o(i.SystemClock_Config) for SystemClock_Config
    main.o(i.main) refers to gpio.o(i.MX_GPIO_Init) for MX_GPIO_Init
    main.o(i.main) refers to tim.o(i.MX_TIM2_Init) for MX_TIM2_Init
    main.o(i.main) refers to tim.o(i.MX_TIM3_Init) for MX_TIM3_Init
    main.o(i.main) refers to usart.o(i.MX_USART2_UART_Init) for MX_USART2_UART_Init
    main.o(i.main) refers to tim.o(i.MX_TIM4_Init) for MX_TIM4_Init
[...]
    .ARM.Collect$$libinit$$0000000F          0x0800020c   Section        6  libinit2.o(.ARM.Collect$$libinit$$0000000F)
    .ARM.Collect$$libinit$$00000011          0x08000212   Section        0  libinit2.o(.ARM.Collect$$libinit$$00000011)
    .ARM.Collect$$libinit$$00000013          0x08000212   Section        0  libinit2.o(.ARM.Collect$$libinit$$00000013)
    .ARM.Collect$$libinit$$00000015          0x08000212   Section        0  libinit2.o(.ARM.Collect$$libinit$$00000015)
    .ARM.Collect$$libinit$$00000016          0x08000212   Section       10  libinit2.o(.ARM.Collect$$libinit$$00000016)
    .ARM.Collect$$libinit$$00000017          0x0800021c   Section        0  libinit2.o(.ARM.Collect$$libinit$$00000017)
    .ARM.Collect$$libinit$$00000019          0x0800021c   Section        0  libinit2.o(.ARM.Collect$$libinit$$00000019)
    .ARM.Collect$$libinit$$0000001B          0x0800021c   Section        0  libinit2.o(.ARM.Collect$$libinit$$0000001B)
    .ARM.Collect$$libinit$$0000001D          0x0800021c   Section        0  libinit2.o(.ARM.Collect$$libinit$$0000001D)
    .ARM.Collect$$libinit$$0000001F          0x0800021c   Section        0  libinit2.o(.ARM.Collect$$libinit$$0000001F)
    .ARM.Collect$$libinit$$00000021          0x0800021c   Section        0  libinit2.o(.ARM.Collect$$libinit$$00000021)
    .ARM.Collect$$libinit$$00000023          0x0800021c   Section        0  libinit2.o(.ARM.Collect$$libinit$$00000023)
    .ARM.Collect$$libinit$$00000025          0x0800021c   Section        0  libinit2.o(.ARM.Collect$$libinit$$00000025)
    .ARM.Collect$$libinit$$0000002C          0x0800021c   Section        0  libinit2.o(.ARM.Collect$$libinit$$0000002C)
    .ARM.Collect$$libinit$$0000002E          0x0800021c   Section        0  libinit2.o(.ARM.Collect$$libinit$$0000002E)
    .ARM.Collect$$libinit$$00000030          0x0800021c   Section        0  libinit2.o(.ARM.Collect$$libinit$$00000030)
    .ARM.Collect$$libinit$$00000032          0x0800021c   Section        0  libinit2.o(.ARM.Collect$$libinit$$00000032)
    .ARM.Collect$$libinit$$00000033          0x0800021c   Section        2  libinit2.o(.ARM.Collect$$libinit$$00000033)
    .ARM.Collect$$libshutdown$$00000000      0x0800021e   Section        2  libshutdown.o(.ARM.Collect$$libshutdown$$00000000)
    .ARM.Collect$$libshutdown$$00000002      0x08000220   Section        0  libshutdown2.o(.ARM.Collect$$libshutdown$$00000002)
    .ARM.Collect$$libshutdown$$00000004      0x08000220   Section        0  libshutdown2.o(.ARM.Collect$$libshutdown$$00000004)
    .ARM.Collect$$libshutdown$$00000006      0x08000220   Section        0  libshutdown2.o(.ARM.Collect$$libshutdown$$00000006)
    .ARM.Collect$$libshutdown$$00000009      0x08000220   Section        0  libshutdown2.o(.ARM.Collect$$libshutdown$$00000009)
    .ARM.Collect$$libshutdown$$0000000C      0x08000220   Section        0  libshutdown2.o(.ARM.Collect$$libshutdown$$0000000C)
    .ARM.Collect$$libshutdown$$0000000E      0x08000220   Section        0  libshutdown2.o(.ARM.Collect$$libshutdown$$0000000E)
    .ARM.Collect$$libshutdown$$00000011      0x08000220   Section        0  libshutdown2.o(.ARM.Collect$$libshutdown$$00000011)
    .ARM.Collect$$libshutdown$$00000012      0x08000220   Section        2  libshutdown2.o(.ARM.Collect$$libshutdown$$00000012)
    .ARM.Collect$$rtentry$$00000000          0x08000222   Section        0  __rtentry.o(.ARM.Collect$$rtentry$$00000000)
    .ARM.Collect$$rtentry$$00000002          0x08000222   Section        0  __rtentry2.o(.ARM.Collect$$rtentry$$00000002)
    .ARM.Collect$$rtentry$$00000004          0x08000222   Section        6  __rtentry4.o(.ARM.Collect$$rtentry$$00000004)
    .ARM.Collect$$rtentry$$00000009          0x08000228   Section        0  __rtentry2.o(.ARM.Collect$$rtentry$$00000009)
    .ARM.Collect$$rtentry$$0000000A          0x08000228   Section        4  __rtentry2.o(.ARM.Collect$$rtentry$$0000000A)
    .ARM.Collect$$rtentry$$0000000C          0x0800022c   Section        0  __rtentry2.o(.ARM.Collect$$rtentry$$0000000C)
    .ARM.Collect$$rtentry$$0000000D          0x0800022c   Section        8  __rtentry2.o(.ARM.Collect$$rtentry$$0000000D)
    .ARM.Collect$$rtexit$$00000000           0x08000234   Section        2  rtexit.o(.ARM.Collect$$rtexit$$00000000)
    .ARM.Collect$$rtexit$$00000002           0x08000236   Section        0  rtexit2.o(.ARM.Collect$$rtexit$$00000002)
    .ARM.Collect$$rtexit$$00000003           0x08000236   Section        4  rtexit2.o(.ARM.Collect$$rtexit$$00000003)
    .ARM.Collect$$rtexit$$00000004           0x0800023a   Section        6  rtexit2.o(.ARM.Collect$$rtexit$$00000004)
    .text                                    0x08000240   Section       64  startup_stm32l476xx.o(.text)
    $v0                                      0x08000240   Number         0  startup_stm32l476xx.o(.text)
    .text                                    0x08000280   Section      238  lludivv7m.o(.text)
    .text                                    0x08000370   Section        0  noretval__2sprintf.o(.text)
    .text                                    0x08000398   Section        0  __printf.o(.text)
    .text                                    0x08000400   Section       78  rt_memclr_w.o(.text)
    .text                                    0x0800044e   Section        0  heapauxi.o(.text)
    .text                                    0x08000454   Section        0  _printf_fp_dec.o(.text)
    _fp_digits                               0x08000457   Thumb Code   432  _printf_fp_dec.o(.text)
    .text                                    0x08000878   Section        0  _printf_char_common.o(.text)
    _printf_input_char                       0x08000879   Thumb Code    10  _printf_char_common.o(.text)
    .text                                    0x080008a8   Section        0  _sputc.o(.text)
    .text                                    0x080008b4   Section        8  rt_locale_intlibspace.o(.text)
    .text                                    0x080008bc   Section      138  lludiv10.o(.text)
    .text                                    0x08000948   Section        0  _printf_fp_infnan.o(.text)
    .text                                    0x080009c8   Section        0  bigflt0.o(.text)
    .text                                    0x08000aac   Section        8  libspace.o(.text)
    .text                                    0x08000ab4   Section       74  sys_stackheap_outer.o(.text)
    .text                                    0x08000afe   Section        0  exit.o(.text)
    .text                                    0x08000b10   Section      128  strcmpv7m.o(.text)
    .text                                    0x08000b90   Section        0  sys_exit.o(.text)
    .text                                    0x08000b9c   Section        2  use_no_semi.o(.text)
    .text                                    0x08000b9e   Section        0  indicate_semi.o(.text)
    CL$$btod_d2e                             0x08000b9e   Section       62  btod.o(CL$$btod_d2e)
    CL$$btod_d2e_denorm_low                  0x08000bdc   Section       70  btod.o(CL$$btod_d2e_denorm_low)
    CL$$btod_d2e_norm_op1                    0x08000c22   Section       96  btod.o(CL$$btod_d2e_norm_op1)
    CL$$btod_div_common                      0x08000c82   Section      824  btod.o(CL$$btod_div_common)
    CL$$btod_e2e                             0x08000fba   Section      220  btod.o(CL$$btod_e2e)
    CL$$btod_ediv                            0x08001096   Section       42  btod.o(CL$$btod_ediv)
    CL$$btod_emul                            0x080010c0   Section       42  btod.o(CL$$btod_emul)
    CL$$btod_mult_common                     0x080010ea   Section      580  btod.o(CL$$btod_mult_common)
    i.BusFault_Handler                       0x0800132e   Section        0  stm32l4xx_it.o(i.BusFault_Handler)
    i.DebugMon_Handler                       0x08001330   Section        0  stm32l4xx_it.o(i.DebugMon_Handler)
    i.Error_Handler                          0x08001332   Section        0  main.o(i.Error_Handler)
    i.GetTim4Encoder                         0x08001338   Section        0  encoder.o(i.GetTim4Encoder)
    i.HAL_DMA_Abort_IT                       0x08001354   Section        0  stm32l4xx_hal_dma.o(i.HAL_DMA_Abort_IT)
    i.HAL_Delay                              0x080013a4   Section        0  stm32l4xx_hal.o(i.HAL_Delay)
    i.HAL_GPIO_Init                          0x080013c8   Section        0  stm32l4xx_hal_gpio.o(i.HAL_GPIO_Init)
    i.HAL_GPIO_TogglePin                     0x0800162e   Section        0  stm32l4xx_hal_gpio.o(i.HAL_GPIO_TogglePin)
    i.HAL_GPIO_WritePin                      0x0800163e   Section        0  stm32l4xx_hal_gpio.o(i.HAL_GPIO_WritePin)
    i.HAL_GetTick                            0x08001648   Section        0  stm32l4xx_hal.o(i.HAL_GetTick)
    i.HAL_IncTick                            0x08001654   Section        0  stm32l4xx_hal.o(i.HAL_IncTick)
    i.HAL_Init                               0x08001664   Section        0  stm32l4xx_hal.o(i.HAL_Init)
    i.HAL_InitTick                           0x08001690   Section        0  stm32l4xx_hal.o(i.HAL_InitTick)
    i.HAL_MspInit                            0x080016d4   Section        0  stm32l4xx_hal_msp.o(i.HAL_MspInit)
    i.HAL_NVIC_EnableIRQ                     0x08001700   Section        0  stm32l4xx_hal_cortex.o(i.HAL_NVIC_EnableIRQ)
    i.HAL_NVIC_SetPriority                   0x0800171c   Section        0  stm32l4xx_hal_cortex.o(i.HAL_NVIC_SetPriority)
    i.HAL_NVIC_SetPriorityGrouping           0x0800175c   Section        0  stm32l4xx_hal_cortex.o(i.HAL_NVIC_SetPriorityGrouping)
    i.HAL_PWREx_ControlVoltageScaling        0x08001780   Section        0  stm32l4xx_hal_pwr_ex.o(i.HAL_PWREx_ControlVoltageScaling)
    i.HAL_PWREx_GetVoltageRange              0x080017e8   Section        0  stm32l4xx_hal_pwr_ex.o(i.HAL_PWREx_GetVoltageRange)
    i.HAL_RCCEx_PeriphCLKConfig              0x080017f8   Section        0  stm32l4xx_hal_rcc_ex.o(i.HAL_RCCEx_PeriphCLKConfig)
    i.HAL_RCC_ClockConfig                    0x08001ba8   Section        0  stm32l4xx_hal_rcc.o(i.HAL_RCC_ClockConfig)
    i.HAL_RCC_GetPCLK1Freq                   0x08001cc8   Section        0  stm32l4xx_hal_rcc.o(i.HAL_RCC_GetPCLK1Freq)
    i.HAL_RCC_GetPCLK2Freq                   0x08001cec   Section        0  stm32l4xx_hal_rcc.o(i.HAL_RCC_GetPCLK2Freq)
    i.HAL_RCC_GetSysClockFreq                0x08001d10   Section        0  stm32l4xx_hal_rcc.o(i.HAL_RCC_GetSysClockFreq)
    i.HAL_RCC_OscConfig                      0x08001db4   Section        0  stm32l4xx_hal_rcc.o(i.HAL_RCC_OscConfig)
    i.HAL_SYSTICK_Config                     0x080022dc   Section        0  stm32l4xx_hal_cortex.o(i.HAL_SYSTICK_Config)
    i.HAL_TIMEx_Break2Callback               0x08002304   Section        0  stm32l4xx_hal_tim_ex.o(i.HAL_TIMEx_Break2Callback)
    i.HAL_TIMEx_BreakCallback                0x08002306   Section        0  stm32l4xx_hal_tim_ex.o(i.HAL_TIMEx_BreakCallback)
    i.HAL_TIMEx_CommutCallback               0x08002308   Section        0  stm32l4xx_hal_tim_ex.o(i.HAL_TIMEx_CommutCallback)
    i.HAL_TIMEx_MasterConfigSynchronization  0x0800230c   Section        0  stm32l4xx_hal_tim_ex.o(i.HAL_TIMEx_MasterConfigSynchronization)
    i.HAL_TIM_Base_Init                      0x080023a8   Section        0  stm32l4xx_hal_tim.o(i.HAL_TIM_Base_Init)
    i.HAL_TIM_Base_MspInit                   0x0800240c   Section        0  tim.o(i.HAL_TIM_Base_MspInit)
    i.HAL_TIM_Base_Start_IT                  0x0800245c   Section        0  stm32l4xx_hal_tim.o(i.HAL_TIM_Base_Start_IT)
    i.HAL_TIM_ConfigClockSource              0x080024dc   Section        0  stm32l4xx_hal_tim.o(i.HAL_TIM_ConfigClockSource)
    i.HAL_TIM_Encoder_Init                   0x080025b8   Section        0  stm32l4xx_hal_tim.o(i.HAL_TIM_Encoder_Init)
    i.HAL_TIM_Encoder_MspInit                0x08002660   Section        0  tim.o(i.HAL_TIM_Encoder_MspInit)
    i.HAL_TIM_Encoder_Start                  0x080026c0   Section        0  stm32l4xx_hal_tim.o(i.HAL_TIM_Encoder_Start)
    i.HAL_TIM_IC_CaptureCallback             0x0800274e   Section        0  stm32l4xx_hal_tim.o(i.HAL_TIM_IC_CaptureCallback)
    i.HAL_TIM_IRQHandler                     0x08002750   Section        0  stm32l4xx_hal_tim.o(i.HAL_TIM_IRQHandler)
    i.HAL_TIM_MspPostInit                    0x080028d4   Section        0  tim.o(i.HAL_TIM_MspPostInit)
    i.HAL_TIM_OC_DelayElapsedCallback        0x08002948   Section        0  stm32l4xx_hal_tim.o(i.HAL_TIM_OC_DelayElapsedCallback)
    i.HAL_TIM_PWM_ConfigChannel              0x0800294a   Section        0  stm32l4xx_hal_tim.o(i.HAL_TIM_PWM_ConfigChannel)
    i.HAL_TIM_PWM_Init                       0x08002a68   Section        0  stm32l4xx_hal_tim.o(i.HAL_TIM_PWM_Init)
    i.HAL_TIM_PWM_MspInit                    0x08002aca   Section        0  stm32l4xx_hal_tim.o(i.HAL_TIM_PWM_MspInit)
    i.HAL_TIM_PWM_PulseFinishedCallback      0x08002acc   Section        0  stm32l4xx_hal_tim.o(i.HAL_TIM_PWM_PulseFinishedCallback)
    i.HAL_TIM_PWM_Start                      0x08002ad0   Section        0  stm32l4xx_hal_tim.o(i.HAL_TIM_PWM_Start)
    i.HAL_TIM_PeriodElapsedCallback          0x08002bd4   Section        0  main.o(i.HAL_TIM_PeriodElapsedCallback)
    i.HAL_TIM_TriggerCallback                0x08002c6c   Section        0  stm32l4xx_hal_tim.o(i.HAL_TIM_TriggerCallback)
    i.HAL_UARTEx_WakeupCallback              0x08002c6e   Section        0  stm32l4xx_hal_uart_ex.o(i.HAL_UARTEx_WakeupCallback)
    i.HAL_UART_ErrorCallback                 0x08002c70   Section        0  stm32l4xx_hal_uart.o(i.HAL_UART_ErrorCallback)
    i.HAL_UART_IRQHandler                    0x08002c74   Section        0  stm32l4xx_hal_uart.o(i.HAL_UART_IRQHandler)
    i.HAL_UART_Init                          0x08002dd8   Section        0  stm32l4xx_hal_uart.o(i.HAL_UART_Init)
    i.HAL_UART_MspInit                       0x08002e40   Section        0  usart.o(i.HAL_UART_MspInit)
    i.HAL_UART_Receive_IT                    0x08002eb4   Section        0  stm32l4xx_hal_uart.o(i.HAL_UART_Receive_IT)
    i.HAL_UART_RxCpltCallback                0x08002f60   Section        0  main.o(i.HAL_UART_RxCpltCallback)
    i.HAL_UART_Transmit                      0x08002fc4   Section        0  stm32l4xx_hal_uart.o(i.HAL_UART_Transmit)
    i.HAL_UART_TxCpltCallback                0x0800307a   Section        0  stm32l4xx_hal_uart.o(i.HAL_UART_TxCpltCallback)
    i.HardFault_Handler                      0x0800307c   Section        0  stm32l4xx_it.o(i.HardFault_Handler)
    i.MX_GPIO_Init                           0x08003080   Section        0  gpio.o(i.MX_GPIO_Init)
    i.MX_TIM2_Init                           0x08003134   Section        0  tim.o(i.MX_TIM2_Init)
    i.MX_TIM3_Init                           0x080031e4   Section        0  tim.o(i.MX_TIM3_Init)
    i.MX_TIM4_Init                           0x08003250   Section        0  tim.o(i.MX_TIM4_Init)
    i.MX_USART2_UART_Init                    0x080032bc   Section        0  usart.o(i.MX_USART2_UART_Init)
    i.MemManage_Handler                      0x080032f8   Section        0  stm32l4xx_it.o(i.MemManage_Handler)
    i.NMI_Handler                            0x080032fa   Section        0  stm32l4xx_it.o(i.NMI_Handler)
    i.PID                                    0x080032fc   Section        0  pid.o(i.PID)
    i.PendSV_Handler                         0x08003354   Section        0  stm32l4xx_it.o(i.PendSV_Handler)
    i.RCCEx_PLLSAI1_Config                   0x08003358   Section        0  stm32l4xx_hal_rcc_ex.o(i.RCCEx_PLLSAI1_Config)
    RCCEx_PLLSAI1_Config                     0x08003359   Thumb Code   278  stm32l4xx_hal_rcc_ex.o(i.RCCEx_PLLSAI1_Config)
    i.RCCEx_PLLSAI2_Config                   0x08003484   Section        0  stm32l4xx_hal_rcc_ex.o(i.RCCEx_PLLSAI2_Config)
    RCCEx_PLLSAI2_Config                     0x08003485   Thumb Code   250  stm32l4xx_hal_rcc_ex.o(i.RCCEx_PLLSAI2_Config)
    i.RCC_SetFlashLatencyFromMSIRange        0x0800358c   Section        0  stm32l4xx_hal_rcc.o(i.RCC_SetFlashLatencyFromMSIRange)
    RCC_SetFlashLatencyFromMSIRange          0x0800358d   Thumb Code   116  stm32l4xx_hal_rcc.o(i.RCC_SetFlashLatencyFromMSIRange)
    i.SVC_Handler                            0x08003608   Section        0  stm32l4xx_it.o(i.SVC_Handler)
    i.SysTick_Handler                        0x0800360a   Section        0  stm32l4xx_it.o(i.SysTick_Handler)
    i.SystemClock_Config                     0x0800360e   Section        0  main.o(i.SystemClock_Config)
    i.SystemInit                             0x08003698   Section        0  system_stm32l4xx.o(i.SystemInit)
    i.TIM3_IRQHandler                        0x080036dc   Section        0  stm32l4xx_it.o(i.TIM3_IRQHandler)
    i.TIM_Base_SetConfig                     0x080036e8   Section        0  stm32l4xx_hal_tim.o(i.TIM_Base_SetConfig)
    i.TIM_CCxChannelCmd                      0x080037a8   Section        0  stm32l4xx_hal_tim.o(i.TIM_CCxChannelCmd)
    i.TIM_ETR_SetConfig                      0x080037c2   Section        0  stm32l4xx_hal_tim.o(i.TIM_ETR_SetConfig)
    i.TIM_ITRx_SetConfig                     0x080037d6   Section        0  stm32l4xx_hal_tim.o(i.TIM_ITRx_SetConfig)
    TIM_ITRx_SetConfig                       0x080037d7   Thumb Code    16  stm32l4xx_hal_tim.o(i.TIM_ITRx_SetConfig)
    i.TIM_OC1_SetConfig                      0x080037e8   Section        0  stm32l4xx_hal_tim.o(i.TIM_OC1_SetConfig)
    TIM_OC1_SetConfig                        0x080037e9   Thumb Code   132  stm32l4xx_hal_tim.o(i.TIM_OC1_SetConfig)
    i.TIM_OC2_SetConfig                      0x08003884   Section        0  stm32l4xx_hal_tim.o(i.TIM_OC2_SetConfig)
    i.TIM_OC3_SetConfig                      0x08003914   Section        0  stm32l4xx_hal_tim.o(i.TIM_OC3_SetConfig)
    TIM_OC3_SetConfig                        0x08003915   Thumb Code   118  stm32l4xx_hal_tim.o(i.TIM_OC3_SetConfig)
    i.TIM_OC4_SetConfig                      0x080039a4   Section        0  stm32l4xx_hal_tim.o(i.TIM_OC4_SetConfig)
    TIM_OC4_SetConfig                        0x080039a5   Thumb Code    92  stm32l4xx_hal_tim.o(i.TIM_OC4_SetConfig)
    i.TIM_OC5_SetConfig                      0x08003a18   Section        0  stm32l4xx_hal_tim.o(i.TIM_OC5_SetConfig)
    TIM_OC5_SetConfig                        0x08003a19   Thumb Code    86  stm32l4xx_hal_tim.o(i.TIM_OC5_SetConfig)
    i.TIM_OC6_SetConfig                      0x08003a88   Section        0  stm32l4xx_hal_tim.o(i.TIM_OC6_SetConfig)
    TIM_OC6_SetConfig                        0x08003a89   Thumb Code    88  stm32l4xx_hal_tim.o(i.TIM_OC6_SetConfig)
    i.TIM_TI1_ConfigInputStage               0x08003af8   Section        0  stm32l4xx_hal_tim.o(i.TIM_TI1_ConfigInputStage)
    TIM_TI1_ConfigInputStage                 0x08003af9   Thumb Code    34  stm32l4xx_hal_tim.o(i.TIM_TI1_ConfigInputStage)
    i.TIM_TI2_ConfigInputStage               0x08003b1a   Section        0  stm32l4xx_hal_tim.o(i.TIM_TI2_ConfigInputStage)
    TIM_TI2_ConfigInputStage                 0x08003b1b   Thumb Code    36  stm32l4xx_hal_tim.o(i.TIM_TI2_ConfigInputStage)
    i.UART_AdvFeatureConfig                  0x08003b3e   Section        0  stm32l4xx_hal_uart.o(i.UART_AdvFeatureConfig)
    i.UART_CheckIdleState                    0x08003c06   Section        0  stm32l4xx_hal_uart.o(i.UART_CheckIdleState)
    i.UART_DMAAbortOnError                   0x08003c5e   Section        0  stm32l4xx_hal_uart.o(i.UART_DMAAbortOnError)
    UART_DMAAbortOnError                     0x08003c5f   Thumb Code    20  stm32l4xx_hal_uart.o(i.UART_DMAAbortOnError)
    i.UART_EndRxTransfer                     0x08003c72   Section        0  stm32l4xx_hal_uart.o(i.UART_EndRxTransfer)
    UART_EndRxTransfer                       0x08003c73   Thumb Code    30  stm32l4xx_hal_uart.o(i.UART_EndRxTransfer)
    i.UART_RxISR_16BIT                       0x08003c90   Section        0  stm32l4xx_hal_uart.o(i.UART_RxISR_16BIT)
    UART_RxISR_16BIT                         0x08003c91   Thumb Code    90  stm32l4xx_hal_uart.o(i.UART_RxISR_16BIT)
    i.UART_RxISR_8BIT                        0x08003cea   Section        0  stm32l4xx_hal_uart.o(i.UART_RxISR_8BIT)
    UART_RxISR_8BIT                          0x08003ceb   Thumb Code    90  stm32l4xx_hal_uart.o(i.UART_RxISR_8BIT)
    i.UART_SetConfig                         0x08003d44   Section        0  stm32l4xx_hal_uart.o(i.UART_SetConfig)
    i.UART_WaitOnFlagUntilTimeout            0x08003f90   Section        0  stm32l4xx_hal_uart.o(i.UART_WaitOnFlagUntilTimeout)
    i.USART2_IRQHandler                      0x08004034   Section        0  stm32l4xx_it.o(i.USART2_IRQHandler)
    i.UsageFault_Handler                     0x08004040   Section        0  stm32l4xx_it.o(i.UsageFault_Handler)
    i.__ARM_fpclassify                       0x08004042   Section        0  fpclassify.o(i.__ARM_fpclassify)
    i.__NVIC_SetPriority                     0x08004072   Section        0  stm32l4xx_hal_cortex.o(i.__NVIC_SetPriority)
    __NVIC_SetPriority                       0x08004073   Thumb Code    32  stm32l4xx_hal_cortex.o(i.__NVIC_SetPriority)
    i.main                                   0x08004094   Section        0  main.o(i.main)
    locale$$code                             0x0800417c   Section       44  lc_numeric_c.o(locale$$code)
    x$fpl$d2f                                0x080041a8   Section       98  d2f.o(x$fpl$d2f)
    $v0                                      0x080041a8   Number         0  d2f.o(x$fpl$d2f)
    x$fpl$ddiv                               0x0800420c   Section      688  ddiv.o(x$fpl$ddiv)
    $v0                                      0x0800420c   Number         0  ddiv.o(x$fpl$ddiv)
    ddiv_entry                               0x08004213   Thumb Code     0  ddiv.o(x$fpl$ddiv)
    x$fpl$dflt                               0x080044bc   Section       46  dflt_clz.o(x$fpl$dflt)
    $v0                                      0x080044bc   Number         0  dflt_clz.o(x$fpl$dflt)
    x$fpl$dmul                               0x080044ec   Section      340  dmul.o(x$fpl$dmul)
    $v0                                      0x080044ec   Number         0  dmul.o(x$fpl$dmul)
    x$fpl$dnaninf                            0x08004640   Section      156  dnaninf.o(x$fpl$dnaninf)
    $v0                                      0x08004640   Number         0  dnaninf.o(x$fpl$dnaninf)
    x$fpl$dretinf                            0x080046dc   Section       12  dretinf.o(x$fpl$dretinf)
    $v0                                      0x080046dc   Number         0  dretinf.o(x$fpl$dretinf)
    x$fpl$f2d                                0x080046e8   Section       86  f2d.o(x$fpl$f2d)
    $v0                                      0x080046e8   Number         0  f2d.o(x$fpl$f2d)
    x$fpl$fnaninf                            0x0800473e   Section      140  fnaninf.o(x$fpl$fnaninf)
    $v0                                      0x0800473e   Number         0  fnaninf.o(x$fpl$fnaninf)
    x$fpl$fpinit                             0x080047ca   Section       10  fpinit.o(x$fpl$fpinit)
    $v0                                      0x080047ca   Number         0  fpinit.o(x$fpl$fpinit)
    x$fpl$fretinf                            0x080047d4   Section       10  fretinf.o(x$fpl$fretinf)
    $v0                                      0x080047d4   Number         0  fretinf.o(x$fpl$fretinf)
    x$fpl$printf1                            0x080047de   Section        4  printf1.o(x$fpl$printf1)
    $v0                                      0x080047de   Number         0  printf1.o(x$fpl$printf1)
    x$fpl$usenofp                            0x080047e2   Section        0  usenofp.o(x$fpl$usenofp)
    .constdata                               0x080047e4   Section       64  system_stm32l4xx.o(.constdata)
    .constdata                               0x08004824   Section        8  system_stm32l4xx.o(.constdata)
    .constdata                               0x0800482c   Section      148  bigflt0.o(.constdata)
    tenpwrs_x                                0x0800482c   Data          60  bigflt0.o(.constdata)
    tenpwrs_i                                0x08004868   Data          64  bigflt0.o(.constdata)
    locale$$data                             0x080048e0   Section       28  lc_numeric_c.o(locale$$data)
    __lcnum_c_name                           0x080048e4   Data           2  lc_numeric_c.o(locale$$data)
    __lcnum_c_start                          0x080048ec   Data           0  lc_numeric_c.o(locale$$data)
    __lcnum_c_point                          0x080048f8   Data           0  lc_numeric_c.o(locale$$data)
    __lcnum_c_thousands                      0x080048fa   Data           0  lc_numeric_c.o(locale$$data)
    __lcnum_c_grouping                       0x080048fb   Data           0  lc_numeric_c.o(locale$$data)
    __lcnum_c_end                            0x080048fc   Data           0  lc_numeric_c.o(locale$$data)
    .data                                    0x20000000   Section        4  encoder.o(.data)
    .data                                    0x20000004   Section       20  pid.o(.data)
    speed_LastError                          0x2000000c   Data           4  pid.o(.data)
    duty_Inc                                 0x20000010   Data           4  pid.o(.data)
    duty                                     0x20000014   Data           4  pid.o(.data)
    .data                                    0x20000018   Section       13  main.o(.data)
    .data                                    0x20000028   Section       12  stm32l4xx_hal.o(.data)
    .data                                    0x20000034   Section        4  system_stm32l4xx.o(.data)
    .bss                                     0x20000038   Section      228  tim.o(.bss)
    .bss                                     0x2000011c   Section      128  usart.o(.bss)
    .bss                                     0x2000019c   Section       96  libspace.o(.bss)
    HEAP                                     0x20000200   Section      512  startup_stm32l476xx.o(HEAP)
    Heap_Mem                                 0x20000200   Data         512  startup_stm32l476xx.o(HEAP)
    STACK                                    0x20000400   Section     1024  startup_stm32l476xx.o(STACK)
    Stack_Mem                                0x20000400   Data        1024  startup_stm32l476xx.o(STACK)
    __initial_sp                             0x20000800   Data           0  startup_stm32l476xx.o(STACK)

    Global Symbols

    Symbol Name                              Value     Ov Type        Size  Object(Section)

    BuildAttributes$$THM_ISAv4$E$P$D$K$B$S$7EM$VFPi3$EXTD16$VFPS$VFMA$PE$A:L22UL41UL21$X:L11$S22US41US21$IEEE1$IW$USESV6$~STKCKD$USESV7$~SHL$OTIME$ROPI$IEEEJ$EBA8$UX$STANDARDLIB$REQ8$PRES8$EABIv2 0x00000000   Number         0  anon$$obj.o ABSOLUTE
    __ARM_use_no_argv                        0x00000000   Number         0  main.o ABSOLUTE
    __ARM_exceptions_init                     - Undefined Weak Reference
    __alloca_initialize                       - Undefined Weak Reference
    __arm_fini_                               - Undefined Weak Reference
    __arm_preinit_                            - Undefined Weak Reference
    __cpp_initialize__aeabi_                  - Undefined Weak Reference
    __cxa_finalize                            - Undefined Weak Reference
    __sigvec_lookup                           - Undefined Weak Reference
    _atexit_init                              - Undefined Weak Reference
    _call_atexit_fns                          - Undefined Weak Reference
    _clock_init                               - Undefined Weak Reference
    _fp_trap_init                             - Undefined Weak Reference
    _fp_trap_shutdown                         - Undefined Weak Reference
    _get_lc_collate                           - Undefined Weak Reference
    _get_lc_ctype                             - Undefined Weak Reference
    _get_lc_monetary                          - Undefined Weak Reference
    _get_lc_time                              - Undefined Weak Reference
    _getenv_init                              - Undefined Weak Reference
    _handle_redirection                       - Undefined Weak Reference
    _init_alloc                               - Undefined Weak Reference
    _init_user_alloc                          - Undefined Weak Reference
    _initio                                   - Undefined Weak Reference
    _printf_post_padding                      - Undefined Weak Reference
    _printf_pre_padding                       - Undefined Weak Reference
    _rand_init                                - Undefined Weak Reference
    _signal_finish                            - Undefined Weak Reference
    _signal_init                              - Undefined Weak Reference
    _terminate_alloc                          - Undefined Weak Reference
    _terminate_user_alloc                     - Undefined Weak Reference
    _terminateio                              - Undefined Weak Reference
    __Vectors_Size                           0x00000188   Number         0  startup_stm32l476xx.o ABSOLUTE
    __Vectors                                0x08000000   Data           4  startup_stm32l476xx.o(RESET)
    __Vectors_End                            0x08000188   Data           0  startup_stm32l476xx.o(RESET)
    __main                                   0x08000189   Thumb Code     8  __main.o(!!!main)
    __scatterload                            0x08000191   Thumb Code     0  __scatter.o(!!!scatter)
    __scatterload_rt2                        0x08000191   Thumb Code    44  __scatter.o(!!!scatter)
    __scatterload_rt2_thumb_only             0x08000191   Thumb Code     0  __scatter.o(!!!scatter)
    __scatterload_null                       0x0800019f   Thumb Code     0  __scatter.o(!!!scatter)
    __scatterload_copy                       0x080001c5   Thumb Code    26  __scatter_copy.o(!!handler_copy)
    __scatterload_zeroinit                   0x080001e1   Thumb Code    28  __scatter_zi.o(!!handler_zi)
    _printf_f                                0x080001fd   Thumb Code     0  _printf_f.o(.ARM.Collect$$_printf_percent$$00000003)
    _printf_percent                          0x080001fd   Thumb Code     0  _printf_percent.o(.ARM.Collect$$_printf_percent$$00000000)
    _printf_percent_end                      0x08000203   Thumb Code     0  _printf_percent_end.o(.ARM.Collect$$_printf_percent$$00000017)
    __rt_lib_init                            0x08000207   Thumb Code     0  libinit.o(.ARM.Collect$$libinit$$00000000)
    __rt_lib_init_fp_1                       0x08000209   Thumb Code     0  libinit2.o(.ARM.Collect$$libinit$$00000001)
    __rt_lib_init_heap_1                     0x0800020d   Thumb Code     0  libinit2.o(.ARM.Collect$$libinit$$0000000A)
    __rt_lib_init_lc_common                  0x0800020d   Thumb Code     0  libinit2.o(.ARM.Collect$$libinit$$0000000F)
    __rt_lib_init_preinit_1                  0x0800020d   Thumb Code     0  libinit2.o(.ARM.Collect$$libinit$$00000004)
    __rt_lib_init_rand_1                     0x0800020d   Thumb Code     0  libinit2.o(.ARM.Collect$$libinit$$0000000E)
    __rt_lib_init_user_alloc_1               0x0800020d   Thumb Code     0  libinit2.o(.ARM.Collect$$libinit$$0000000C)
    __rt_lib_init_lc_collate_1               0x08000213   Thumb Code     0  libinit2.o(.ARM.Collect$$libinit$$00000011)
    __rt_lib_init_lc_ctype_1                 0x08000213   Thumb Code     0  libinit2.o(.ARM.Collect$$libinit$$00000013)
    __rt_lib_init_lc_monetary_1              0x08000213   Thumb Code     0  libinit2.o(.ARM.Collect$$libinit$$00000015)
    __rt_lib_init_lc_numeric_2               0x08000213   Thumb Code     0  libinit2.o(.ARM.Collect$$libinit$$00000016)
    __rt_lib_init_alloca_1                   0x0800021d   Thumb Code     0  libinit2.o(.ARM.Collect$$libinit$$0000002E)
    __rt_lib_init_argv_1                     0x0800021d   Thumb Code     0  libinit2.o(.ARM.Collect$$libinit$$0000002C)
    __rt_lib_init_atexit_1                   0x0800021d   Thumb Code     0  libinit2.o(.ARM.Collect$$libinit$$0000001B)
    __rt_lib_init_clock_1                    0x0800021d   Thumb Code     0  libinit2.o(.ARM.Collect$$libinit$$00000021)
    __rt_lib_init_cpp_1                      0x0800021d   Thumb Code     0  libinit2.o(.ARM.Collect$$libinit$$00000032)
    __rt_lib_init_exceptions_1               0x0800021d   Thumb Code     0  libinit2.o(.ARM.Collect$$libinit$$00000030)
    __rt_lib_init_fp_trap_1                  0x0800021d   Thumb Code     0  libinit2.o(.ARM.Collect$$libinit$$0000001F)
    __rt_lib_init_getenv_1                   0x0800021d   Thumb Code     0  libinit2.o(.ARM.Collect$$libinit$$00000023)
    __rt_lib_init_lc_numeric_1               0x0800021d   Thumb Code     0  libinit2.o(.ARM.Collect$$libinit$$00000017)
    __rt_lib_init_lc_time_1                  0x0800021d   Thumb Code     0  libinit2.o(.ARM.Collect$$libinit$$00000019)
    __rt_lib_init_return                     0x0800021d   Thumb Code     0  libinit2.o(.ARM.Collect$$libinit$$00000033)
    __rt_lib_init_signal_1                   0x0800021d   Thumb Code     0  libinit2.o(.ARM.Collect$$libinit$$0000001D)
    __rt_lib_init_stdio_1                    0x0800021d   Thumb Code     0  libinit2.o(.ARM.Collect$$libinit$$00000025)
    __rt_lib_shutdown                        0x0800021f   Thumb Code     0  libshutdown.o(.ARM.Collect$$libshutdown$$00000000)
    __rt_lib_shutdown_cpp_1                  0x08000221   Thumb Code     0  libshutdown2.o(.ARM.Collect$$libshutdown$$00000004)
    __rt_lib_shutdown_fini_1                 0x08000221   Thumb Code     0  libshutdown2.o(.ARM.Collect$$libshutdown$$00000002)
    __rt_lib_shutdown_fp_trap_1              0x08000221   Thumb Code     0  libshutdown2.o(.ARM.Collect$$libshutdown$$00000009)
    __rt_lib_shutdown_heap_1                 0x08000221   Thumb Code     0  libshutdown2.o(.ARM.Collect$$libshutdown$$00000011)
    __rt_lib_shutdown_return                 0x08000221   Thumb Code     0  libshutdown2.o(.ARM.Collect$$libshutdown$$00000012)
    __rt_lib_shutdown_signal_1               0x08000221   Thumb Code     0  libshutdown2.o(.ARM.Collect$$libshutdown$$0000000C)
    __rt_lib_shutdown_stdio_1                0x08000221   Thumb Code     0  libshutdown2.o(.ARM.Collect$$libshutdown$$00000006)
    __rt_lib_shutdown_user_alloc_1           0x08000221   Thumb Code     0  libshutdown2.o(.ARM.Collect$$libshutdown$$0000000E)
    __rt_entry                               0x08000223   Thumb Code     0  __rtentry.o(.ARM.Collect$$rtentry$$00000000)
    __rt_entry_presh_1                       0x08000223   Thumb Code     0  __rtentry2.o(.ARM.Collect$$rtentry$$00000002)
    __rt_entry_sh                            0x08000223   Thumb Code     0  __rtentry4.o(.ARM.Collect$$rtentry$$00000004)
    __rt_entry_li                            0x08000229   Thumb Code     0  __rtentry2.o(.ARM.Collect$$rtentry$$0000000A)
    __rt_entry_postsh_1                      0x08000229   Thumb Code     0  __rtentry2.o(.ARM.Collect$$rtentry$$00000009)
    __rt_entry_main                          0x0800022d   Thumb Code     0  __rtentry2.o(.ARM.Collect$$rtentry$$0000000D)
    __rt_entry_postli_1                      0x0800022d   Thumb Code     0  __rtentry2.o(.ARM.Collect$$rtentry$$0000000C)
    __rt_exit                                0x08000235   Thumb Code     0  rtexit.o(.ARM.Collect$$rtexit$$00000000)
    __rt_exit_ls                             0x08000237   Thumb Code     0  rtexit2.o(.ARM.Collect$$rtexit$$00000003)
    __rt_exit_prels_1                        0x08000237   Thumb Code     0  rtexit2.o(.ARM.Collect$$rtexit$$00000002)
    __rt_exit_exit                           0x0800023b   Thumb Code     0  rtexit2.o(.ARM.Collect$$rtexit$$00000004)
    Reset_Handler                            0x08000241   Thumb Code     8  startup_stm32l476xx.o(.text)
    ADC1_2_IRQHandler                        0x0800025b   Thumb Code     0  startup_stm32l476xx.o(.text)
    ADC3_IRQHandler                          0x0800025b   Thumb Code     0  startup_stm32l476xx.o(.text)
    CAN1_RX0_IRQHandler                      0x0800025b   Thumb Code     0  startup_stm32l476xx.o(.text)
    CAN1_RX1_IRQHandler                      0x0800025b   Thumb Code     0  startup_stm32l476xx.o(.text)
    CAN1_SCE_IRQHandler                      0x0800025b   Thumb Code     0  startup_stm32l476xx.o(.text)
    CAN1_TX_IRQHandler                       0x0800025b   Thumb Code     0  startup_stm32l476xx.o(.text)
    COMP_IRQHandler                          0x0800025b   Thumb Code     0  startup_stm32l476xx.o(.text)
    DFSDM1_FLT0_IRQHandler                   0x0800025b   Thumb Code     0  startup_stm32l476xx.o(.text)
    DFSDM1_FLT1_IRQHandler                   0x0800025b   Thumb Code     0  startup_stm32l476xx.o(.text)
    DFSDM1_FLT2_IRQHandler                   0x0800025b   Thumb Code     0  startup_stm32l476xx.o(.text)
    DFSDM1_FLT3_IRQHandler                   0x0800025b   Thumb Code     0  startup_stm32l476xx.o(.text)
    DMA1_Channel1_IRQHandler                 0x0800025b   Thumb Code     0  startup_stm32l476xx.o(.text)
    DMA1_Channel2_IRQHandler                 0x0800025b   Thumb Code     0  startup_stm32l476xx.o(.text)
    DMA1_Channel3_IRQHandler                 0x0800025b   Thumb Code     0  startup_stm32l476xx.o(.text)
    DMA1_Channel4_IRQHandler                 0x0800025b   Thumb Code     0  startup_stm32l476xx.o(.text)
    DMA1_Channel5_IRQHandler                 0x0800025b   Thumb Code     0  startup_stm32l476xx.o(.text)
    DMA1_Channel6_IRQHandler                 0x0800025b   Thumb Code     0  startup_stm32l476xx.o(.text)
    DMA1_Channel7_IRQHandler                 0x0800025b   Thumb Code     0  startup_stm32l476xx.o(.text)
    DMA2_Channel1_IRQHandler                 0x0800025b   Thumb Code     0  startup_stm32l476xx.o(.text)
    DMA2_Channel2_IRQHandler                 0x0800025b   Thumb Code     0  startup_stm32l476xx.o(.text)
    DMA2_Channel3_IRQHandler                 0x0800025b   Thumb Code     0  startup_stm32l476xx.o(.text)
    DMA2_Channel4_IRQHandler                 0x0800025b   Thumb Code     0  startup_stm32l476xx.o(.text)
    DMA2_Channel5_IRQHandler                 0x0800025b   Thumb Code     0  startup_stm32l476xx.o(.text)
    DMA2_Channel6_IRQHandler                 0x0800025b   Thumb Code     0  startup_stm32l476xx.o(.text)
    DMA2_Channel7_IRQHandler                 0x0800025b   Thumb Code     0  startup_stm32l476xx.o(.text)
    EXTI0_IRQHandler                         0x0800025b   Thumb Code     0  startup_stm32l476xx.o(.text)
    EXTI15_10_IRQHandler                     0x0800025b   Thumb Code     0  startup_stm32l476xx.o(.text)
    EXTI1_IRQHandler                         0x0800025b   Thumb Code     0  startup_stm32l476xx.o(.text)
    EXTI2_IRQHandler                         0x0800025b   Thumb Code     0  startup_stm32l476xx.o(.text)
    EXTI3_IRQHandler                         0x0800025b   Thumb Code     0  startup_stm32l476xx.o(.text)
    EXTI4_IRQHandler                         0x0800025b   Thumb Code     0  startup_stm32l476xx.o(.text)
    EXTI9_5_IRQHandler                       0x0800025b   Thumb Code     0  startup_stm32l476xx.o(.text)
    FLASH_IRQHandler                         0x0800025b   Thumb Code     0  startup_stm32l476xx.o(.text)
    FMC_IRQHandler                           0x0800025b   Thumb Code     0  startup_stm32l476xx.o(.text)
    FPU_IRQHandler                           0x0800025b   Thumb Code     0  startup_stm32l476xx.o(.text)
    I2C1_ER_IRQHandler                       0x0800025b   Thumb Code     0  startup_stm32l476xx.o(.text)
    I2C1_EV_IRQHandler                       0x0800025b   Thumb Code     0  startup_stm32l476xx.o(.text)
    I2C2_ER_IRQHandler                       0x0800025b   Thumb Code     0  startup_stm32l476xx.o(.text)
    I2C2_EV_IRQHandler                       0x0800025b   Thumb Code     0  startup_stm32l476xx.o(.text)
    I2C3_ER_IRQHandler                       0x0800025b   Thumb Code     0  startup_stm32l476xx.o(.text)
    I2C3_EV_IRQHandler                       0x0800025b   Thumb Code     0  startup_stm32l476xx.o(.text)
    LCD_IRQHandler                           0x0800025b   Thumb Code     0  startup_stm32l476xx.o(.text)
    LPTIM1_IRQHandler                        0x0800025b   Thumb Code     0  startup_stm32l476xx.o(.text)
    LPTIM2_IRQHandler                        0x0800025b   Thumb Code     0  startup_stm32l476xx.o(.text)
    LPUART1_IRQHandler                       0x0800025b   Thumb Code     0  startup_stm32l476xx.o(.text)
    OTG_FS_IRQHandler                        0x0800025b   Thumb Code     0  startup_stm32l476xx.o(.text)
    PVD_PVM_IRQHandler                       0x0800025b   Thumb Code     0  startup_stm32l476xx.o(.text)
    QUADSPI_IRQHandler                       0x0800025b   Thumb Code     0  startup_stm32l476xx.o(.text)
    RCC_IRQHandler                           0x0800025b   Thumb Code     0  startup_stm32l476xx.o(.text)
    RNG_IRQHandler                           0x0800025b   Thumb Code     0  startup_stm32l476xx.o(.text)
    RTC_Alarm_IRQHandler                     0x0800025b   Thumb Code     0  startup_stm32l476xx.o(.text)
    RTC_WKUP_IRQHandler                      0x0800025b   Thumb Code     0  startup_stm32l476xx.o(.text)
    SAI1_IRQHandler                          0x0800025b   Thumb Code     0  startup_stm32l476xx.o(.text)
    SAI2_IRQHandler                          0x0800025b   Thumb Code     0  startup_stm32l476xx.o(.text)
    SDMMC1_IRQHandler                        0x0800025b   Thumb Code     0  startup_stm32l476xx.o(.text)
    SPI1_IRQHandler                          0x0800025b   Thumb Code     0  startup_stm32l476xx.o(.text)
    SPI2_IRQHandler                          0x0800025b   Thumb Code     0  startup_stm32l476xx.o(.text)
    SPI3_IRQHandler                          0x0800025b   Thumb Code     0  startup_stm32l476xx.o(.text)
    SWPMI1_IRQHandler                        0x0800025b   Thumb Code     0  startup_stm32l476xx.o(.text)
    TAMP_STAMP_IRQHandler                    0x0800025b   Thumb Code     0  startup_stm32l476xx.o(.text)
    TIM1_BRK_TIM15_IRQHandler                0x0800025b   Thumb Code     0  startup_stm32l476xx.o(.text)
    TIM1_CC_IRQHandler                       0x0800025b   Thumb Code     0  startup_stm32l476xx.o(.text)
    TIM1_TRG_COM_TIM17_IRQHandler            0x0800025b   Thumb Code     0  startup_stm32l476xx.o(.text)
    TIM1_UP_TIM16_IRQHandler                 0x0800025b   Thumb Code     0  startup_stm32l476xx.o(.text)
    TIM2_IRQHandler                          0x0800025b   Thumb Code     0  startup_stm32l476xx.o(.text)
    TIM4_IRQHandler                          0x0800025b   Thumb Code     0  startup_stm32l476xx.o(.text)
    TIM5_IRQHandler                          0x0800025b   Thumb Code     0  startup_stm32l476xx.o(.text)
    TIM6_DAC_IRQHandler                      0x0800025b   Thumb Code     0  startup_stm32l476xx.o(.text)
    TIM7_IRQHandler                          0x0800025b   Thumb Code     0  startup_stm32l476xx.o(.text)
    TIM8_BRK_IRQHandler                      0x0800025b   Thumb Code     0  startup_stm32l476xx.o(.text)
    TIM8_CC_IRQHandler                       0x0800025b   Thumb Code     0  startup_stm32l476xx.o(.text)
    TIM8_TRG_COM_IRQHandler                  0x0800025b   Thumb Code     0  startup_stm32l476xx.o(.text)
    TIM8_UP_IRQHandler                       0x0800025b   Thumb Code     0  startup_stm32l476xx.o(.text)
    TSC_IRQHandler                           0x0800025b   Thumb Code     0  startup_stm32l476xx.o(.text)
    UART4_IRQHandler                         0x0800025b   Thumb Code     0  startup_stm32l476xx.o(.text)
    UART5_IRQHandler                         0x0800025b   Thumb Code     0  startup_stm32l476xx.o(.text)
    USART1_IRQHandler                        0x0800025b   Thumb Code     0  startup_stm32l476xx.o(.text)
    USART3_IRQHandler                        0x0800025b   Thumb Code     0  startup_stm32l476xx.o(.text)
    WWDG_IRQHandler                          0x0800025b   Thumb Code     0  startup_stm32l476xx.o(.text)
    __user_initial_stackheap                 0x0800025d   Thumb Code     0  startup_stm32l476xx.o(.text)
    __aeabi_uldivmod                         0x08000281   Thumb Code     0  lludivv7m.o(.text)
    _ll_udiv                                 0x08000281   Thumb Code   238  lludivv7m.o(.text)
    __2sprintf                               0x08000371   Thumb Code    34  noretval__2sprintf.o(.text)
    __printf                                 0x08000399   Thumb Code   104  __printf.o(.text)
    __aeabi_memclr4                          0x08000401   Thumb Code     0  rt_memclr_w.o(.text)
    __aeabi_memclr8                          0x08000401   Thumb Code     0  rt_memclr_w.o(.text)
    __rt_memclr_w                            0x08000401   Thumb Code    78  rt_memclr_w.o(.text)
    _memset_w                                0x08000405   Thumb Code     0  rt_memclr_w.o(.text)
    __use_two_region_memory                  0x0800044f   Thumb Code     2  heapauxi.o(.text)
    __rt_heap_escrow$2region                 0x08000451   Thumb Code     2  heapauxi.o(.text)
    __rt_heap_expand$2region                 0x08000453   Thumb Code     2  heapauxi.o(.text)
    __lib_sel_fp_printf                      0x08000455   Thumb Code     2  _printf_fp_dec.o(.text)
    _printf_fp_dec_real                      0x08000607   Thumb Code   620  _printf_fp_dec.o(.text)
    _printf_char_common                      0x08000883   Thumb Code    32  _printf_char_common.o(.text)
    _sputc                                   0x080008a9   Thumb Code    10  _sputc.o(.text)
    __rt_locale                              0x080008b5   Thumb Code     8  rt_locale_intlibspace.o(.text)
    _ll_udiv10                               0x080008bd   Thumb Code   138  lludiv10.o(.text)
    _printf_fp_infnan                        0x08000949   Thumb Code   112  _printf_fp_infnan.o(.text)
    _btod_etento                             0x080009c9   Thumb Code   224  bigflt0.o(.text)
    __user_libspace                          0x08000aad   Thumb Code     8  libspace.o(.text)
    __user_perproc_libspace                  0x08000aad   Thumb Code     0  libspace.o(.text)
    __user_perthread_libspace                0x08000aad   Thumb Code     0  libspace.o(.text)
    __user_setup_stackheap                   0x08000ab5   Thumb Code    74  sys_stackheap_outer.o(.text)
    exit                                     0x08000aff   Thumb Code    18  exit.o(.text)
    strcmp                                   0x08000b11   Thumb Code   128  strcmpv7m.o(.text)
    _sys_exit                                0x08000b91   Thumb Code     8  sys_exit.o(.text)
    __I$use$semihosting                      0x08000b9d   Thumb Code     0  use_no_semi.o(.text)
    __use_no_semihosting_swi                 0x08000b9d   Thumb Code     2  use_no_semi.o(.text)
    __semihosting_library_function           0x08000b9f   Thumb Code     0  indicate_semi.o(.text)
    _btod_d2e                                0x08000b9f   Thumb Code    62  btod.o(CL$$btod_d2e)
    _d2e_denorm_low                          0x08000bdd   Thumb Code    70  btod.o(CL$$btod_d2e_denorm_low)
    _d2e_norm_op1                            0x08000c23   Thumb Code    96  btod.o(CL$$btod_d2e_norm_op1)
    __btod_div_common                        0x08000c83   Thumb Code   696  btod.o(CL$$btod_div_common)
    _e2e                                     0x08000fbb   Thumb Code   220  btod.o(CL$$btod_e2e)
    _btod_ediv                               0x08001097   Thumb Code    42  btod.o(CL$$btod_ediv)
    _btod_emul                               0x080010c1   Thumb Code    42  btod.o(CL$$btod_emul)
    __btod_mult_common                       0x080010eb   Thumb Code   580  btod.o(CL$$btod_mult_common)
    BusFault_Handler                         0x0800132f   Thumb Code     2  stm32l4xx_it.o(i.BusFault_Handler)
    DebugMon_Handler                         0x08001331   Thumb Code     2  stm32l4xx_it.o(i.DebugMon_Handler)
    Error_Handler                            0x08001333   Thumb Code     4  main.o(i.Error_Handler)
    GetTim4Encoder                           0x08001339   Thumb Code    18  encoder.o(i.GetTim4Encoder)
    HAL_DMA_Abort_IT                         0x08001355   Thumb Code    78  stm32l4xx_hal_dma.o(i.HAL_DMA_Abort_IT)
    HAL_Delay                                0x080013a5   Thumb Code    32  stm32l4xx_hal.o(i.HAL_Delay)
    HAL_GPIO_Init                            0x080013c9   Thumb Code   570  stm32l4xx_hal_gpio.o(i.HAL_GPIO_Init)
    HAL_GPIO_TogglePin                       0x0800162f   Thumb Code    16  stm32l4xx_hal_gpio.o(i.HAL_GPIO_TogglePin)
    HAL_GPIO_WritePin                        0x0800163f   Thumb Code    10  stm32l4xx_hal_gpio.o(i.HAL_GPIO_WritePin)
    HAL_GetTick                              0x08001649   Thumb Code     6  stm32l4xx_hal.o(i.HAL_GetTick)
    HAL_IncTick                              0x08001655   Thumb Code    12  stm32l4xx_hal.o(i.HAL_IncTick)
    HAL_Init                                 0x08001665   Thumb Code    40  stm32l4xx_hal.o(i.HAL_Init)
    HAL_InitTick                             0x08001691   Thumb Code    58  stm32l4xx_hal.o(i.HAL_InitTick)
    HAL_MspInit                              0x080016d5   Thumb Code    38  stm32l4xx_hal_msp.o(i.HAL_MspInit)
    HAL_NVIC_EnableIRQ                       0x08001701   Thumb Code    26  stm32l4xx_hal_cortex.o(i.HAL_NVIC_EnableIRQ)
    HAL_NVIC_SetPriority                     0x0800171d   Thumb Code    60  stm32l4xx_hal_cortex.o(i.HAL_NVIC_SetPriority)
    HAL_NVIC_SetPriorityGrouping             0x0800175d   Thumb Code    26  stm32l4xx_hal_cortex.o(i.HAL_NVIC_SetPriorityGrouping)
    HAL_PWREx_ControlVoltageScaling          0x08001781   Thumb Code    90  stm32l4xx_hal_pwr_ex.o(i.HAL_PWREx_ControlVoltageScaling)
    HAL_PWREx_GetVoltageRange                0x080017e9   Thumb Code    10  stm32l4xx_hal_pwr_ex.o(i.HAL_PWREx_GetVoltageRange)
    HAL_RCCEx_PeriphCLKConfig                0x080017f9   Thumb Code   928  stm32l4xx_hal_rcc_ex.o(i.HAL_RCCEx_PeriphCLKConfig)
    HAL_RCC_ClockConfig                      0x08001ba9   Thumb Code   266  stm32l4xx_hal_rcc.o(i.HAL_RCC_ClockConfig)
    HAL_RCC_GetPCLK1Freq                     0x08001cc9   Thumb Code    24  stm32l4xx_hal_rcc.o(i.HAL_RCC_GetPCLK1Freq)
    HAL_RCC_GetPCLK2Freq                     0x08001ced   Thumb Code    24  stm32l4xx_hal_rcc.o(i.HAL_RCC_GetPCLK2Freq)
    HAL_RCC_GetSysClockFreq                  0x08001d11   Thumb Code   150  stm32l4xx_hal_rcc.o(i.HAL_RCC_GetSysClockFreq)
    HAL_RCC_OscConfig                        0x08001db5   Thumb Code  1310  stm32l4xx_hal_rcc.o(i.HAL_RCC_OscConfig)
    HAL_SYSTICK_Config                       0x080022dd   Thumb Code    40  stm32l4xx_hal_cortex.o(i.HAL_SYSTICK_Config)
    HAL_TIMEx_Break2Callback                 0x08002305   Thumb Code     2  stm32l4xx_hal_tim_ex.o(i.HAL_TIMEx_Break2Callback)
    HAL_TIMEx_BreakCallback                  0x08002307   Thumb Code     2  stm32l4xx_hal_tim_ex.o(i.HAL_TIMEx_BreakCallback)
    HAL_TIMEx_CommutCallback                 0x08002309   Thumb Code     2  stm32l4xx_hal_tim_ex.o(i.HAL_TIMEx_CommutCallback)
    HAL_TIMEx_MasterConfigSynchronization    0x0800230d   Thumb Code   130  stm32l4xx_hal_tim_ex.o(i.HAL_TIMEx_MasterConfigSynchronization)
    HAL_TIM_Base_Init                        0x080023a9   Thumb Code    98  stm32l4xx_hal_tim.o(i.HAL_TIM_Base_Init)
    HAL_TIM_Base_MspInit                     0x0800240d   Thumb Code    72  tim.o(i.HAL_TIM_Base_MspInit)
    HAL_TIM_Base_Start_IT                    0x0800245d   Thumb Code   100  stm32l4xx_hal_tim.o(i.HAL_TIM_Base_Start_IT)
    HAL_TIM_ConfigClockSource                0x080024dd   Thumb Code   214  stm32l4xx_hal_tim.o(i.HAL_TIM_ConfigClockSource)
    HAL_TIM_Encoder_Init                     0x080025b9   Thumb Code   162  stm32l4xx_hal_tim.o(i.HAL_TIM_Encoder_Init)
    HAL_TIM_Encoder_MspInit                  0x08002661   Thumb Code    84  tim.o(i.HAL_TIM_Encoder_MspInit)
    HAL_TIM_Encoder_Start                    0x080026c1   Thumb Code   142  stm32l4xx_hal_tim.o(i.HAL_TIM_Encoder_Start)
    HAL_TIM_IC_CaptureCallback               0x0800274f   Thumb Code     2  stm32l4xx_hal_tim.o(i.HAL_TIM_IC_CaptureCallback)
    HAL_TIM_IRQHandler                       0x08002751   Thumb Code   388  stm32l4xx_hal_tim.o(i.HAL_TIM_IRQHandler)
    HAL_TIM_MspPostInit                      0x080028d5   Thumb Code   106  tim.o(i.HAL_TIM_MspPostInit)
    HAL_TIM_OC_DelayElapsedCallback          0x08002949   Thumb Code     2  stm32l4xx_hal_tim.o(i.HAL_TIM_OC_DelayElapsedCallback)
    HAL_TIM_PWM_ConfigChannel                0x0800294b   Thumb Code   286  stm32l4xx_hal_tim.o(i.HAL_TIM_PWM_ConfigChannel)
    HAL_TIM_PWM_Init                         0x08002a69   Thumb Code    98  stm32l4xx_hal_tim.o(i.HAL_TIM_PWM_Init)
    HAL_TIM_PWM_MspInit                      0x08002acb   Thumb Code     2  stm32l4xx_hal_tim.o(i.HAL_TIM_PWM_MspInit)
    HAL_TIM_PWM_PulseFinishedCallback        0x08002acd   Thumb Code     2  stm32l4xx_hal_tim.o(i.HAL_TIM_PWM_PulseFinishedCallback)
    HAL_TIM_PWM_Start                        0x08002ad1   Thumb Code   224  stm32l4xx_hal_tim.o(i.HAL_TIM_PWM_Start)
    HAL_TIM_PeriodElapsedCallback            0x08002bd5   Thumb Code   118  main.o(i.HAL_TIM_PeriodElapsedCallback)
    HAL_TIM_TriggerCallback                  0x08002c6d   Thumb Code     2  stm32l4xx_hal_tim.o(i.HAL_TIM_TriggerCallback)
    HAL_UARTEx_WakeupCallback                0x08002c6f   Thumb Code     2  stm32l4xx_hal_uart_ex.o(i.HAL_UARTEx_WakeupCallback)
    HAL_UART_ErrorCallback                   0x08002c71   Thumb Code     2  stm32l4xx_hal_uart.o(i.HAL_UART_ErrorCallback)
    HAL_UART_IRQHandler                      0x08002c75   Thumb Code   348  stm32l4xx_hal_uart.o(i.HAL_UART_IRQHandler)
    HAL_UART_Init                            0x08002dd9   Thumb Code   102  stm32l4xx_hal_uart.o(i.HAL_UART_Init)
    HAL_UART_MspInit                         0x08002e41   Thumb Code   106  usart.o(i.HAL_UART_MspInit)
    HAL_UART_Receive_IT                      0x08002eb5   Thumb Code   164  stm32l4xx_hal_uart.o(i.HAL_UART_Receive_IT)
    HAL_UART_RxCpltCallback                  0x08002f61   Thumb Code    88  main.o(i.HAL_UART_RxCpltCallback)
    HAL_UART_Transmit                        0x08002fc5   Thumb Code   182  stm32l4xx_hal_uart.o(i.HAL_UART_Transmit)
    HAL_UART_TxCpltCallback                  0x0800307b   Thumb Code     2  stm32l4xx_hal_uart.o(i.HAL_UART_TxCpltCallback)
    HardFault_Handler                        0x0800307d   Thumb Code     2  stm32l4xx_it.o(i.HardFault_Handler)
    MX_GPIO_Init                             0x08003081   Thumb Code   168  gpio.o(i.MX_GPIO_Init)
    MX_TIM2_Init                             0x08003135   Thumb Code   170  tim.o(i.MX_TIM2_Init)
    MX_TIM3_Init                             0x080031e5   Thumb Code   100  tim.o(i.MX_TIM3_Init)
    MX_TIM4_Init                             0x08003251   Thumb Code   100  tim.o(i.MX_TIM4_Init)
    MX_USART2_UART_Init                      0x080032bd   Thumb Code    52  usart.o(i.MX_USART2_UART_Init)
    MemManage_Handler                        0x080032f9   Thumb Code     2  stm32l4xx_it.o(i.MemManage_Handler)
    NMI_Handler                              0x080032fb   Thumb Code     2  stm32l4xx_it.o(i.NMI_Handler)
    PID                                      0x080032fd   Thumb Code    84  pid.o(i.PID)
    PendSV_Handler                           0x08003355   Thumb Code     2  stm32l4xx_it.o(i.PendSV_Handler)
    SVC_Handler                              0x08003609   Thumb Code     2  stm32l4xx_it.o(i.SVC_Handler)
    SysTick_Handler                          0x0800360b   Thumb Code     4  stm32l4xx_it.o(i.SysTick_Handler)
    SystemClock_Config                       0x0800360f   Thumb Code   138  main.o(i.SystemClock_Config)
    SystemInit                               0x08003699   Thumb Code    56  system_stm32l4xx.o(i.SystemInit)
    TIM3_IRQHandler                          0x080036dd   Thumb Code     6  stm32l4xx_it.o(i.TIM3_IRQHandler)
    TIM_Base_SetConfig                       0x080036e9   Thumb Code   160  stm32l4xx_hal_tim.o(i.TIM_Base_SetConfig)
    TIM_CCxChannelCmd                        0x080037a9   Thumb Code    26  stm32l4xx_hal_tim.o(i.TIM_CCxChannelCmd)
    TIM_ETR_SetConfig                        0x080037c3   Thumb Code    20  stm32l4xx_hal_tim.o(i.TIM_ETR_SetConfig)
    TIM_OC2_SetConfig                        0x08003885   Thumb Code   120  stm32l4xx_hal_tim.o(i.TIM_OC2_SetConfig)
    UART_AdvFeatureConfig                    0x08003b3f   Thumb Code   200  stm32l4xx_hal_uart.o(i.UART_AdvFeatureConfig)
    UART_CheckIdleState                      0x08003c07   Thumb Code    88  stm32l4xx_hal_uart.o(i.UART_CheckIdleState)
    UART_SetConfig                           0x08003d45   Thumb Code   548  stm32l4xx_hal_uart.o(i.UART_SetConfig)
    UART_WaitOnFlagUntilTimeout              0x08003f91   Thumb Code   164  stm32l4xx_hal_uart.o(i.UART_WaitOnFlagUntilTimeout)
    USART2_IRQHandler                        0x08004035   Thumb Code     6  stm32l4xx_it.o(i.USART2_IRQHandler)
    UsageFault_Handler                       0x08004041   Thumb Code     2  stm32l4xx_it.o(i.UsageFault_Handler)
    __ARM_fpclassify                         0x08004043   Thumb Code    48  fpclassify.o(i.__ARM_fpclassify)
    main                                     0x08004095   Thumb Code   168  main.o(i.main)
    _get_lc_numeric                          0x0800417d   Thumb Code    44  lc_numeric_c.o(locale$$code)
    __aeabi_d2f                              0x080041a9   Thumb Code     0  d2f.o(x$fpl$d2f)
    _d2f                                     0x080041a9   Thumb Code    98  d2f.o(x$fpl$d2f)
    __aeabi_ddiv                             0x0800420d   Thumb Code     0  ddiv.o(x$fpl$ddiv)
    _ddiv                                    0x0800420d   Thumb Code   552  ddiv.o(x$fpl$ddiv)
    __aeabi_i2d                              0x080044bd   Thumb Code     0  dflt_clz.o(x$fpl$dflt)
    _dflt                                    0x080044bd   Thumb Code    46  dflt_clz.o(x$fpl$dflt)
    __aeabi_dmul                             0x080044ed   Thumb Code     0  dmul.o(x$fpl$dmul)
    _dmul                                    0x080044ed   Thumb Code   332  dmul.o(x$fpl$dmul)
    __fpl_dnaninf                            0x08004641   Thumb Code   156  dnaninf.o(x$fpl$dnaninf)
    __fpl_dretinf                            0x080046dd   Thumb Code    12  dretinf.o(x$fpl$dretinf)
    __aeabi_f2d                              0x080046e9   Thumb Code     0  f2d.o(x$fpl$f2d)
    _f2d                                     0x080046e9   Thumb Code    86  f2d.o(x$fpl$f2d)
    __fpl_fnaninf                            0x0800473f   Thumb Code   140  fnaninf.o(x$fpl$fnaninf)
    _fp_init                                 0x080047cb   Thumb Code    10  fpinit.o(x$fpl$fpinit)
    __fplib_config_fpu_vfp                   0x080047d3   Thumb Code     0  fpinit.o(x$fpl$fpinit)
    __fplib_config_pureend_doubles           0x080047d3   Thumb Code     0  fpinit.o(x$fpl$fpinit)
    __fpl_fretinf                            0x080047d5   Thumb Code    10  fretinf.o(x$fpl$fretinf)
    _printf_fp_dec                           0x080047df   Thumb Code     4  printf1.o(x$fpl$printf1)
    __I$use$fp                               0x080047e2   Number         0  usenofp.o(x$fpl$usenofp)
    AHBPrescTable                            0x080047e4   Data          16  system_stm32l4xx.o(.constdata)
    MSIRangeTable                            0x080047f4   Data          48  system_stm32l4xx.o(.constdata)
    APBPrescTable                            0x08004824   Data           8  system_stm32l4xx.o(.constdata)
    Region$$Table$$Base                      0x080048c0   Number         0  anon$$obj.o(Region$$Table)
    Region$$Table$$Limit                     0x080048e0   Number         0  anon$$obj.o(Region$$Table)
    iTim4Encoder                             0x20000000   Data           4  encoder.o(.data)
    Speed_KP                                 0x20000004   Data           4  pid.o(.data)
    Speed_KI                                 0x20000008   Data           4  pid.o(.data)
    current_speed                            0x20000018   Data           4  main.o(.data)
    target_speed                             0x2000001c   Data           4  main.o(.data)
    UART2RxBuffer                            0x20000020   Data           5  main.o(.data)
    uwTickFreq                               0x20000028   Data           1  stm32l4xx_hal.o(.data)
    uwTickPrio                               0x2000002c   Data           4  stm32l4xx_hal.o(.data)
    uwTick                                   0x20000030   Data           4  stm32l4xx_hal.o(.data)
    SystemCoreClock                          0x20000034   Data           4  system_stm32l4xx.o(.data)
    htim2                                    0x20000038   Data          76  tim.o(.bss)
    htim3                                    0x20000084   Data          76  tim.o(.bss)
    htim4                                    0x200000d0   Data          76  tim.o(.bss)
    huart2                                   0x2000011c   Data         128  usart.o(.bss)
    __libspace_start                         0x2000019c   Data          96  libspace.o(.bss)
    __temporary_stack_top$libspace           0x200001fc   Data           0  libspace.o(.bss)



==============================================================================

Memory Map of the image

  Image Entry point : 0x08000189

  Load Region LR_IROM1 (Base: 0x08000000, Size: 0x00004934, Max: 0x00100000, ABSOLUTE)

    Execution Region ER_IROM1 (Exec base: 0x08000000, Load base: 0x08000000, Size: 0x000048fc, Max: 0x00100000, ABSOLUTE)

    Exec Addr    Load Addr    Size         Type   Attr      Idx    E Section Name        Object

    0x08000000   0x08000000   0x00000188   Data   RO            3    RESET               startup_stm32l476xx.o
    0x08000188   0x08000188   0x00000008   Code   RO         3962  * !!!main             c_w.l(__main.o)
    0x08000190   0x08000190   0x00000034   Code   RO         4210    !!!scatter          c_w.l(__scatter.o)
    0x080001c4   0x080001c4   0x0000001a   Code   RO         4212    !!handler_copy      c_w.l(__scatter_copy.o)
    0x080001de   0x080001de   0x00000002   PAD
    0x080001e0   0x080001e0   0x0000001c   Code   RO         4214    !!handler_zi        c_w.l(__scatter_zi.o)
    0x080001fc   0x080001fc   0x00000000   Code   RO         3957    .ARM.Collect$$_printf_percent$$00000000  c_w.l(_printf_percent.o)
    0x080001fc   0x080001fc   0x00000006   Code   RO         3956    .ARM.Collect$$_printf_percent$$00000003  c_w.l(_printf_f.o)
    0x08000202   0x08000202   0x00000004   Code   RO         3993    .ARM.Collect$$_printf_percent$$00000017  c_w.l(_printf_percent_end.o)
    0x08000206   0x08000206   0x00000002   Code   RO         4081    .ARM.Collect$$libinit$$00000000  c_w.l(libinit.o)
    0x08000208   0x08000208   0x00000004   Code   RO         4082    .ARM.Collect$$libinit$$00000001  c_w.l(libinit2.o)
    0x0800020c   0x0800020c   0x00000000   Code   RO         4085    .ARM.Collect$$libinit$$00000004  c_w.l(libinit2.o)
    0x0800020c   0x0800020c   0x00000000   Code   RO         4088    .ARM.Collect$$libinit$$0000000A  c_w.l(libinit2.o)
    0x0800020c   0x0800020c   0x00000000   Code   RO         4090    .ARM.Collect$$libinit$$0000000C  c_w.l(libinit2.o)
    0x0800020c   0x0800020c   0x00000000   Code   RO         4092    .ARM.Collect$$libinit$$0000000E  c_w.l(libinit2.o)
    0x0800020c   0x0800020c   0x00000006   Code   RO         4093    .ARM.Collect$$libinit$$0000000F  c_w.l(libinit2.o)
    0x08000212   0x08000212   0x00000000   Code   RO         4095    .ARM.Collect$$libinit$$00000011  c_w.l(libinit2.o)
    0x08000212   0x08000212   0x00000000   Code   RO         4097    .ARM.Collect$$libinit$$00000013  c_w.l(libinit2.o)
    0x08000212   0x08000212   0x00000000   Code   RO         4099    .ARM.Collect$$libinit$$00000015  c_w.l(libinit2.o)
    0x08000212   0x08000212   0x0000000a   Code   RO         4100    .ARM.Collect$$libinit$$00000016  c_w.l(libinit2.o)
    0x0800021c   0x0800021c   0x00000000   Code   RO         4101    .ARM.Collect$$libinit$$00000017  c_w.l(libinit2.o)
    0x0800021c   0x0800021c   0x00000000   Code   RO         4103    .ARM.Collect$$libinit$$00000019  c_w.l(libinit2.o)
    0x0800021c   0x0800021c   0x00000000   Code   RO         4105    .ARM.Collect$$libinit$$0000001B  c_w.l(libinit2.o)
    0x0800021c   0x0800021c   0x00000000   Code   RO         4107    .ARM.Collect$$libinit$$0000001D  c_w.l(libinit2.o)
    0x0800021c   0x0800021c   0x00000000   Code   RO         4109    .ARM.Collect$$libinit$$0000001F  c_w.l(libinit2.o)
    0x0800021c   0x0800021c   0x00000000   Code   RO         4111    .ARM.Collect$$libinit$$00000021  c_w.l(libinit2.o)
    0x0800021c   0x0800021c   0x00000000   Code   RO         4113    .ARM.Collect$$libinit$$00000023  c_w.l(libinit2.o)
    0x0800021c   0x0800021c   0x00000000   Code   RO         4115    .ARM.Collect$$libinit$$00000025  c_w.l(libinit2.o)
    0x0800021c   0x0800021c   0x00000000   Code   RO         4119    .ARM.Collect$$libinit$$0000002C  c_w.l(libinit2.o)
    0x0800021c   0x0800021c   0x00000000   Code   RO         4121    .ARM.Collect$$libinit$$0000002E  c_w.l(libinit2.o)
    0x0800021c   0x0800021c   0x00000000   Code   RO         4123    .ARM.Collect$$libinit$$00000030  c_w.l(libinit2.o)
    0x0800021c   0x0800021c   0x00000000   Code   RO         4125    .ARM.Collect$$libinit$$00000032  c_w.l(libinit2.o)
    0x0800021c   0x0800021c   0x00000002   Code   RO         4126    .ARM.Collect$$libinit$$00000033  c_w.l(libinit2.o)
    0x0800021e   0x0800021e   0x00000002   Code   RO         4173    .ARM.Collect$$libshutdown$$00000000  c_w.l(libshutdown.o)
    0x08000220   0x08000220   0x00000000   Code   RO         4191    .ARM.Collect$$libshutdown$$00000002  c_w.l(libshutdown2.o)
    0x08000220   0x08000220   0x00000000   Code   RO         4193    .ARM.Collect$$libshutdown$$00000004  c_w.l(libshutdown2.o)
    0x08000220   0x08000220   0x00000000   Code   RO         4195    .ARM.Collect$$libshutdown$$00000006  c_w.l(libshutdown2.o)
    0x08000220   0x08000220   0x00000000   Code   RO         4198    .ARM.Collect$$libshutdown$$00000009  c_w.l(libshutdown2.o)
    0x08000220   0x08000220   0x00000000   Code   RO         4201    .ARM.Collect$$libshutdown$$0000000C  c_w.l(libshutdown2.o)
    0x08000220   0x08000220   0x00000000   Code   RO         4203    .ARM.Collect$$libshutdown$$0000000E  c_w.l(libshutdown2.o)
    0x08000220   0x08000220   0x00000000   Code   RO         4206    .ARM.Collect$$libshutdown$$00000011  c_w.l(libshutdown2.o)
    0x08000220   0x08000220   0x00000002   Code   RO         4207    .ARM.Collect$$libshutdown$$00000012  c_w.l(libshutdown2.o)
    0x08000222   0x08000222   0x00000000   Code   RO         3982    .ARM.Collect$$rtentry$$00000000  c_w.l(__rtentry.o)
    0x08000222   0x08000222   0x00000000   Code   RO         4004    .ARM.Collect$$rtentry$$00000002  c_w.l(__rtentry2.o)
    0x08000222   0x08000222   0x00000006   Code   RO         4016    .ARM.Collect$$rtentry$$00000004  c_w.l(__rtentry4.o)
    0x08000228   0x08000228   0x00000000   Code   RO         4006    .ARM.Collect$$rtentry$$00000009  c_w.l(__rtentry2.o)
    0x08000228   0x08000228   0x00000004   Code   RO         4007    .ARM.Collect$$rtentry$$0000000A  c_w.l(__rtentry2.o)
    0x0800022c   0x0800022c   0x00000000   Code   RO         4009    .ARM.Collect$$rtentry$$0000000C  c_w.l(__rtentry2.o)
    0x0800022c   0x0800022c   0x00000008   Code   RO         4010    .ARM.Collect$$rtentry$$0000000D  c_w.l(__rtentry2.o)
    0x08000234   0x08000234   0x00000002   Code   RO         4127    .ARM.Collect$$rtexit$$00000000  c_w.l(rtexit.o)
    0x08000236   0x08000236   0x00000000   Code   RO         4142    .ARM.Collect$$rtexit$$00000002  c_w.l(rtexit2.o)
    0x08000236   0x08000236   0x00000004   Code   RO         4143    .ARM.Collect$$rtexit$$00000003  c_w.l(rtexit2.o)
    0x0800023a   0x0800023a   0x00000006   Code   RO         4144    .ARM.Collect$$rtexit$$00000004  c_w.l(rtexit2.o)
    0x08000240   0x08000240   0x00000040   Code   RO            4    .text               startup_stm32l476xx.o
    0x08000280   0x08000280   0x000000ee   Code   RO         3928    .text               c_w.l(lludivv7m.o)
    0x0800036e   0x0800036e   0x00000002   PAD
    0x08000370   0x08000370   0x00000028   Code   RO         3932    .text               c_w.l(noretval__2sprintf.o)
    0x08000398   0x08000398   0x00000068   Code   RO         3934    .text               c_w.l(__printf.o)
    0x08000400   0x08000400   0x0000004e   Code   RO         3958    .text               c_w.l(rt_memclr_w.o)
    0x0800044e   0x0800044e   0x00000006   Code   RO         3960    .text               c_w.l(heapauxi.o)
    0x08000454   0x08000454   0x00000424   Code   RO         3987    .text               c_w.l(_printf_fp_dec.o)
    0x08000878   0x08000878   0x00000030   Code   RO         3989    .text               c_w.l(_printf_char_common.o)
    0x080008a8   0x080008a8   0x0000000a   Code   RO         3991    .text               c_w.l(_sputc.o)
    0x080008b2   0x080008b2   0x00000002   PAD
    0x080008b4   0x080008b4   0x00000008   Code   RO         4023    .text               c_w.l(rt_locale_intlibspace.o)
    0x080008bc   0x080008bc   0x0000008a   Code   RO         4025    .text               c_w.l(lludiv10.o)
    0x08000946   0x08000946   0x00000002   PAD
    0x08000948   0x08000948   0x00000080   Code   RO         4027    .text               c_w.l(_printf_fp_infnan.o)
    0x080009c8   0x080009c8   0x000000e4   Code   RO         4031    .text               c_w.l(bigflt0.o)
    0x08000aac   0x08000aac   0x00000008   Code   RO         4063    .text               c_w.l(libspace.o)
    0x08000ab4   0x08000ab4   0x0000004a   Code   RO         4066    .text               c_w.l(sys_stackheap_outer.o)
    0x08000afe   0x08000afe   0x00000012   Code   RO         4068    .text               c_w.l(exit.o)
    0x08000b10   0x08000b10   0x00000080   Code   RO         4074    .text               c_w.l(strcmpv7m.o)
    0x08000b90   0x08000b90   0x0000000c   Code   RO         4139    .text               c_w.l(sys_exit.o)
    0x08000b9c   0x08000b9c   0x00000002   Code   RO         4160    .text               c_w.l(use_no_semi.o)
    0x08000b9e   0x08000b9e   0x00000000   Code   RO         4162    .text               c_w.l(indicate_semi.o)
    0x08000b9e   0x08000b9e   0x0000003e   Code   RO         4034    CL$$btod_d2e        c_w.l(btod.o)
    0x08000bdc   0x08000bdc   0x00000046   Code   RO         4036    CL$$btod_d2e_denorm_low  c_w.l(btod.o)
    0x08000c22   0x08000c22   0x00000060   Code   RO         4035    CL$$btod_d2e_norm_op1  c_w.l(btod.o)
    0x08000c82   0x08000c82   0x00000338   Code   RO         4044    CL$$btod_div_common  c_w.l(btod.o)
    0x08000fba   0x08000fba   0x000000dc   Code   RO         4041    CL$$btod_e2e        c_w.l(btod.o)
    0x08001096   0x08001096   0x0000002a   Code   RO         4038    CL$$btod_ediv       c_w.l(btod.o)
    0x080010c0   0x080010c0   0x0000002a   Code   RO         4037    CL$$btod_emul       c_w.l(btod.o)
    0x080010ea   0x080010ea   0x00000244   Code   RO         4043    CL$$btod_mult_common  c_w.l(btod.o)
    0x0800132e   0x0800132e   0x00000002   Code   RO          376    i.BusFault_Handler  stm32l4xx_it.o
    0x08001330   0x08001330   0x00000002   Code   RO          377    i.DebugMon_Handler  stm32l4xx_it.o
    0x08001332   0x08001332   0x00000004   Code   RO          170    i.Error_Handler     main.o
    0x08001336   0x08001336   0x00000002   PAD
    0x08001338   0x08001338   0x0000001c   Code   RO           13    i.GetTim4Encoder    encoder.o
    0x08001354   0x08001354   0x0000004e   Code   RO         2767    i.HAL_DMA_Abort_IT  stm32l4xx_hal_dma.o
    0x080013a2   0x080013a2   0x00000002   PAD
    0x080013a4   0x080013a4   0x00000024   Code   RO         1496    i.HAL_Delay         stm32l4xx_hal.o
    0x080013c8   0x080013c8   0x00000266   Code   RO         2702    i.HAL_GPIO_Init     stm32l4xx_hal_gpio.o
    0x0800162e   0x0800162e   0x00000010   Code   RO         2705    i.HAL_GPIO_TogglePin  stm32l4xx_hal_gpio.o
    0x0800163e   0x0800163e   0x0000000a   Code   RO         2706    i.HAL_GPIO_WritePin  stm32l4xx_hal_gpio.o
    0x08001648   0x08001648   0x0000000c   Code   RO         1500    i.HAL_GetTick       stm32l4xx_hal.o
    0x08001654   0x08001654   0x00000010   Code   RO         1506    i.HAL_IncTick       stm32l4xx_hal.o
    0x08001664   0x08001664   0x0000002c   Code   RO         1507    i.HAL_Init          stm32l4xx_hal.o
    0x08001690   0x08001690   0x00000044   Code   RO         1508    i.HAL_InitTick      stm32l4xx_hal.o
    0x080016d4   0x080016d4   0x0000002c   Code   RO          464    i.HAL_MspInit       stm32l4xx_hal_msp.o
    0x08001700   0x08001700   0x0000001a   Code   RO         3249    i.HAL_NVIC_EnableIRQ  stm32l4xx_hal_cortex.o
    0x0800171a   0x0800171a   0x00000002   PAD
    0x0800171c   0x0800171c   0x00000040   Code   RO         3255    i.HAL_NVIC_SetPriority  stm32l4xx_hal_cortex.o
    0x0800175c   0x0800175c   0x00000024   Code   RO         3256    i.HAL_NVIC_SetPriorityGrouping  stm32l4xx_hal_cortex.o
    0x08001780   0x08001780   0x00000068   Code   RO         2993    i.HAL_PWREx_ControlVoltageScaling  stm32l4xx_hal_pwr_ex.o
    0x080017e8   0x080017e8   0x00000010   Code   RO         3024    i.HAL_PWREx_GetVoltageRange  stm32l4xx_hal_pwr_ex.o
    0x080017f8   0x080017f8   0x000003ae   Code   RO         2355    i.HAL_RCCEx_PeriphCLKConfig  stm32l4xx_hal_rcc_ex.o
    0x08001ba6   0x08001ba6   0x00000002   PAD
    0x08001ba8   0x08001ba8   0x00000120   Code   RO         2240    i.HAL_RCC_ClockConfig  stm32l4xx_hal_rcc.o
    0x08001cc8   0x08001cc8   0x00000024   Code   RO         2246    i.HAL_RCC_GetPCLK1Freq  stm32l4xx_hal_rcc.o
    0x08001cec   0x08001cec   0x00000024   Code   RO         2247    i.HAL_RCC_GetPCLK2Freq  stm32l4xx_hal_rcc.o
    0x08001d10   0x08001d10   0x000000a4   Code   RO         2248    i.HAL_RCC_GetSysClockFreq  stm32l4xx_hal_rcc.o
    0x08001db4   0x08001db4   0x00000528   Code   RO         2251    i.HAL_RCC_OscConfig  stm32l4xx_hal_rcc.o
    0x080022dc   0x080022dc   0x00000028   Code   RO         3260    i.HAL_SYSTICK_Config  stm32l4xx_hal_cortex.o
    0x08002304   0x08002304   0x00000002   Code   RO         1204    i.HAL_TIMEx_Break2Callback  stm32l4xx_hal_tim_ex.o
    0x08002306   0x08002306   0x00000002   Code   RO         1205    i.HAL_TIMEx_BreakCallback  stm32l4xx_hal_tim_ex.o
    0x08002308   0x08002308   0x00000002   Code   RO         1206    i.HAL_TIMEx_CommutCallback  stm32l4xx_hal_tim_ex.o
    0x0800230a   0x0800230a   0x00000002   PAD
    0x0800230c   0x0800230c   0x0000009c   Code   RO         1226    i.HAL_TIMEx_MasterConfigSynchronization  stm32l4xx_hal_tim_ex.o
    0x080023a8   0x080023a8   0x00000062   Code   RO          490    i.HAL_TIM_Base_Init  stm32l4xx_hal_tim.o
    0x0800240a   0x0800240a   0x00000002   PAD
    0x0800240c   0x0800240c   0x00000050   Code   RO          263    i.HAL_TIM_Base_MspInit  tim.o
    0x0800245c   0x0800245c   0x00000080   Code   RO          495    i.HAL_TIM_Base_Start_IT  stm32l4xx_hal_tim.o
    0x080024dc   0x080024dc   0x000000dc   Code   RO          499    i.HAL_TIM_ConfigClockSource  stm32l4xx_hal_tim.o
    0x080025b8   0x080025b8   0x000000a8   Code   RO          511    i.HAL_TIM_Encoder_Init  stm32l4xx_hal_tim.o
    0x08002660   0x08002660   0x00000060   Code   RO          265    i.HAL_TIM_Encoder_MspInit  tim.o
    0x080026c0   0x080026c0   0x0000008e   Code   RO          514    i.HAL_TIM_Encoder_Start  stm32l4xx_hal_tim.o
    0x0800274e   0x0800274e   0x00000002   Code   RO          524    i.HAL_TIM_IC_CaptureCallback  stm32l4xx_hal_tim.o
    0x08002750   0x08002750   0x00000184   Code   RO          538    i.HAL_TIM_IRQHandler  stm32l4xx_hal_tim.o
    0x080028d4   0x080028d4   0x00000074   Code   RO          266    i.HAL_TIM_MspPostInit  tim.o
    0x08002948   0x08002948   0x00000002   Code   RO          541    i.HAL_TIM_OC_DelayElapsedCallback  stm32l4xx_hal_tim.o
    0x0800294a   0x0800294a   0x0000011e   Code   RO          562    i.HAL_TIM_PWM_ConfigChannel  stm32l4xx_hal_tim.o
    0x08002a68   0x08002a68   0x00000062   Code   RO          565    i.HAL_TIM_PWM_Init  stm32l4xx_hal_tim.o
    0x08002aca   0x08002aca   0x00000002   Code   RO          567    i.HAL_TIM_PWM_MspInit  stm32l4xx_hal_tim.o
    0x08002acc   0x08002acc   0x00000002   Code   RO          568    i.HAL_TIM_PWM_PulseFinishedCallback  stm32l4xx_hal_tim.o
    0x08002ace   0x08002ace   0x00000002   PAD
    0x08002ad0   0x08002ad0   0x00000104   Code   RO          570    i.HAL_TIM_PWM_Start  stm32l4xx_hal_tim.o
    0x08002bd4   0x08002bd4   0x00000098   Code   RO          171    i.HAL_TIM_PeriodElapsedCallback  main.o
    0x08002c6c   0x08002c6c   0x00000002   Code   RO          581    i.HAL_TIM_TriggerCallback  stm32l4xx_hal_tim.o
    0x08002c6e   0x08002c6e   0x00000002   Code   RO         3832    i.HAL_UARTEx_WakeupCallback  stm32l4xx_hal_uart_ex.o
    0x08002c70   0x08002c70   0x00000002   Code   RO         3475    i.HAL_UART_ErrorCallback  stm32l4xx_hal_uart.o
    0x08002c72   0x08002c72   0x00000002   PAD
    0x08002c74   0x08002c74   0x00000164   Code   RO         3478    i.HAL_UART_IRQHandler  stm32l4xx_hal_uart.o
    0x08002dd8   0x08002dd8   0x00000066   Code   RO         3479    i.HAL_UART_Init     stm32l4xx_hal_uart.o
    0x08002e3e   0x08002e3e   0x00000002   PAD
    0x08002e40   0x08002e40   0x00000074   Code   RO          335    i.HAL_UART_MspInit  usart.o
    0x08002eb4   0x08002eb4   0x000000ac   Code   RO         3484    i.HAL_UART_Receive_IT  stm32l4xx_hal_uart.o
    0x08002f60   0x08002f60   0x00000064   Code   RO          172    i.HAL_UART_RxCpltCallback  main.o
    0x08002fc4   0x08002fc4   0x000000b6   Code   RO         3488    i.HAL_UART_Transmit  stm32l4xx_hal_uart.o
    0x0800307a   0x0800307a   0x00000002   Code   RO         3491    i.HAL_UART_TxCpltCallback  stm32l4xx_hal_uart.o
    0x0800307c   0x0800307c   0x00000002   Code   RO          378    i.HardFault_Handler  stm32l4xx_it.o
    0x0800307e   0x0800307e   0x00000002   PAD
    0x08003080   0x08003080   0x000000b4   Code   RO          238    i.MX_GPIO_Init      gpio.o
    0x08003134   0x08003134   0x000000b0   Code   RO          267    i.MX_TIM2_Init      tim.o
    0x080031e4   0x080031e4   0x0000006c   Code   RO          268    i.MX_TIM3_Init      tim.o
    0x08003250   0x08003250   0x0000006c   Code   RO          269    i.MX_TIM4_Init      tim.o
    0x080032bc   0x080032bc   0x0000003c   Code   RO          336    i.MX_USART2_UART_Init  usart.o
    0x080032f8   0x080032f8   0x00000002   Code   RO          379    i.MemManage_Handler  stm32l4xx_it.o
    0x080032fa   0x080032fa   0x00000002   Code   RO          380    i.NMI_Handler       stm32l4xx_it.o
    0x080032fc   0x080032fc   0x00000058   Code   RO          148    i.PID               pid.o
    0x08003354   0x08003354   0x00000002   Code   RO          381    i.PendSV_Handler    stm32l4xx_it.o
    0x08003356   0x08003356   0x00000002   PAD
    0x08003358   0x08003358   0x0000012c   Code   RO         2359    i.RCCEx_PLLSAI1_Config  stm32l4xx_hal_rcc_ex.o
    0x08003484   0x08003484   0x00000108   Code   RO         2360    i.RCCEx_PLLSAI2_Config  stm32l4xx_hal_rcc_ex.o
    0x0800358c   0x0800358c   0x0000007c   Code   RO         2252    i.RCC_SetFlashLatencyFromMSIRange  stm32l4xx_hal_rcc.o
    0x08003608   0x08003608   0x00000002   Code   RO          382    i.SVC_Handler       stm32l4xx_it.o
    0x0800360a   0x0800360a   0x00000004   Code   RO          383    i.SysTick_Handler   stm32l4xx_it.o
    0x0800360e   0x0800360e   0x0000008a   Code   RO          173    i.SystemClock_Config  main.o
    0x08003698   0x08003698   0x00000044   Code   RO         3892    i.SystemInit        system_stm32l4xx.o
    0x080036dc   0x080036dc   0x0000000c   Code   RO          384    i.TIM3_IRQHandler   stm32l4xx_it.o
    0x080036e8   0x080036e8   0x000000c0   Code   RO          583    i.TIM_Base_SetConfig  stm32l4xx_hal_tim.o
    0x080037a8   0x080037a8   0x0000001a   Code   RO          584    i.TIM_CCxChannelCmd  stm32l4xx_hal_tim.o
    0x080037c2   0x080037c2   0x00000014   Code   RO          594    i.TIM_ETR_SetConfig  stm32l4xx_hal_tim.o
    0x080037d6   0x080037d6   0x00000010   Code   RO          595    i.TIM_ITRx_SetConfig  stm32l4xx_hal_tim.o
    0x080037e6   0x080037e6   0x00000002   PAD
    0x080037e8   0x080037e8   0x0000009c   Code   RO          596    i.TIM_OC1_SetConfig  stm32l4xx_hal_tim.o
    0x08003884   0x08003884   0x00000090   Code   RO          597    i.TIM_OC2_SetConfig  stm32l4xx_hal_tim.o
    0x08003914   0x08003914   0x00000090   Code   RO          598    i.TIM_OC3_SetConfig  stm32l4xx_hal_tim.o
    0x080039a4   0x080039a4   0x00000074   Code   RO          599    i.TIM_OC4_SetConfig  stm32l4xx_hal_tim.o
    0x08003a18   0x08003a18   0x00000070   Code   RO          600    i.TIM_OC5_SetConfig  stm32l4xx_hal_tim.o
    0x08003a88   0x08003a88   0x00000070   Code   RO          601    i.TIM_OC6_SetConfig  stm32l4xx_hal_tim.o
    0x08003af8   0x08003af8   0x00000022   Code   RO          603    i.TIM_TI1_ConfigInputStage  stm32l4xx_hal_tim.o
    0x08003b1a   0x08003b1a   0x00000024   Code   RO          605    i.TIM_TI2_ConfigInputStage  stm32l4xx_hal_tim.o
    0x08003b3e   0x08003b3e   0x000000c8   Code   RO         3493    i.UART_AdvFeatureConfig  stm32l4xx_hal_uart.o
    0x08003c06   0x08003c06   0x00000058   Code   RO         3494    i.UART_CheckIdleState  stm32l4xx_hal_uart.o
    0x08003c5e   0x08003c5e   0x00000014   Code   RO         3495    i.UART_DMAAbortOnError  stm32l4xx_hal_uart.o
    0x08003c72   0x08003c72   0x0000001e   Code   RO         3505    i.UART_EndRxTransfer  stm32l4xx_hal_uart.o
    0x08003c90   0x08003c90   0x0000005a   Code   RO         3507    i.UART_RxISR_16BIT  stm32l4xx_hal_uart.o
    0x08003cea   0x08003cea   0x0000005a   Code   RO         3508    i.UART_RxISR_8BIT   stm32l4xx_hal_uart.o
    0x08003d44   0x08003d44   0x0000024c   Code   RO         3509    i.UART_SetConfig    stm32l4xx_hal_uart.o
    0x08003f90   0x08003f90   0x000000a4   Code   RO         3512    i.UART_WaitOnFlagUntilTimeout  stm32l4xx_hal_uart.o
    0x08004034   0x08004034   0x0000000c   Code   RO          385    i.USART2_IRQHandler  stm32l4xx_it.o
    0x08004040   0x08004040   0x00000002   Code   RO          386    i.UsageFault_Handler  stm32l4xx_it.o
    0x08004042   0x08004042   0x00000030   Code   RO         4061    i.__ARM_fpclassify  m_wm.l(fpclassify.o)
    0x08004072   0x08004072   0x00000020   Code   RO         3262    i.__NVIC_SetPriority  stm32l4xx_hal_cortex.o
    0x08004092   0x08004092   0x00000002   PAD
    0x08004094   0x08004094   0x000000e8   Code   RO          175    i.main              main.o
    0x0800417c   0x0800417c   0x0000002c   Code   RO         4057    locale$$code        c_w.l(lc_numeric_c.o)
    0x080041a8   0x080041a8   0x00000062   Code   RO         3964    x$fpl$d2f           fz_wm.l(d2f.o)
    0x0800420a   0x0800420a   0x00000002   PAD
    0x0800420c   0x0800420c   0x000002b0   Code   RO         3967    x$fpl$ddiv          fz_wm.l(ddiv.o)
    0x080044bc   0x080044bc   0x0000002e   Code   RO         3971    x$fpl$dflt          fz_wm.l(dflt_clz.o)
    0x080044ea   0x080044ea   0x00000002   PAD
    0x080044ec   0x080044ec   0x00000154   Code   RO         3976    x$fpl$dmul          fz_wm.l(dmul.o)
    0x08004640   0x08004640   0x0000009c   Code   RO         3994    x$fpl$dnaninf       fz_wm.l(dnaninf.o)
    0x080046dc   0x080046dc   0x0000000c   Code   RO         3996    x$fpl$dretinf       fz_wm.l(dretinf.o)
    0x080046e8   0x080046e8   0x00000056   Code   RO         3978    x$fpl$f2d           fz_wm.l(f2d.o)
    0x0800473e   0x0800473e   0x0000008c   Code   RO         3998    x$fpl$fnaninf       fz_wm.l(fnaninf.o)
    0x080047ca   0x080047ca   0x0000000a   Code   RO         4137    x$fpl$fpinit        fz_wm.l(fpinit.o)
    0x080047d4   0x080047d4   0x0000000a   Code   RO         4000    x$fpl$fretinf       fz_wm.l(fretinf.o)
    0x080047de   0x080047de   0x00000004   Code   RO         3980    x$fpl$printf1       fz_wm.l(printf1.o)
    0x080047e2   0x080047e2   0x00000000   Code   RO         4002    x$fpl$usenofp       fz_wm.l(usenofp.o)
    0x080047e2   0x080047e2   0x00000002   PAD
    0x080047e4   0x080047e4   0x00000040   Data   RO         3893    .constdata          system_stm32l4xx.o
    0x08004824   0x08004824   0x00000008   Data   RO         3894    .constdata          system_stm32l4xx.o
    0x0800482c   0x0800482c   0x00000094   Data   RO         4032    .constdata          c_w.l(bigflt0.o)
    0x080048c0   0x080048c0   0x00000020   Data   RO         4208    Region$$Table       anon$$obj.o
    0x080048e0   0x080048e0   0x0000001c   Data   RO         4056    locale$$data        c_w.l(lc_numeric_c.o)


    Execution Region RW_IRAM2 (Exec base: 0x10000000, Load base: 0x08004934, Size: 0x00000000, Max: 0x00008000, ABSOLUTE)

    **** No section assigned to this execution region ****


    Execution Region RW_IRAM1 (Exec base: 0x20000000, Load base: 0x080048fc, Size: 0x00000800, Max: 0x00018000, ABSOLUTE)

    Exec Addr    Load Addr    Size         Type   Attr      Idx    E Section Name        Object

    0x20000000   0x080048fc   0x00000004   Data   RW           14    .data               encoder.o
    0x20000004   0x08004900   0x00000014   Data   RW          149    .data               pid.o
    0x20000018   0x08004914   0x0000000d   Data   RW          176    .data               main.o
    0x20000025   0x08004921   0x00000003   PAD
    0x20000028   0x08004924   0x0000000c   Data   RW         1524    .data               stm32l4xx_hal.o
    0x20000034   0x08004930   0x00000004   Data   RW         3895    .data               system_stm32l4xx.o
    0x20000038        -       0x000000e4   Zero   RW          270    .bss                tim.o
    0x2000011c        -       0x00000080   Zero   RW          337    .bss                usart.o
    0x2000019c        -       0x00000060   Zero   RW         4064    .bss                c_w.l(libspace.o)
    0x200001fc   0x08004934   0x00000004   PAD
    0x20000200        -       0x00000200   Zero   RW            2    HEAP                startup_stm32l476xx.o
    0x20000400        -       0x00000400   Zero   RW            1    STACK               startup_stm32l476xx.o


==============================================================================

Image component sizes


      Code (inc. data)   RO Data    RW Data    ZI Data      Debug   Object Name

        28         10          0          4          0     837064   encoder.o
       180         12          0          0          0       1007   gpio.o
       626        110          0         13          0       3989   main.o
        88          4          0         20          0        891   pid.o
        64         26        392          0       1536        852   startup_stm32l476xx.o
       176         28          0         12          0      14477   stm32l4xx_hal.o
       198         14          0          0          0      33903   stm32l4xx_hal_cortex.o
        78          0          0          0          0       1099   stm32l4xx_hal_dma.o
       640         38          0          0          0       3353   stm32l4xx_hal_gpio.o
        44          6          0          0          0        870   stm32l4xx_hal_msp.o
       120         20          0          0          0       1386   stm32l4xx_hal_pwr_ex.o
      1968         98          0          0          0       6972   stm32l4xx_hal_rcc.o
      1506         44          0          0          0       4084   stm32l4xx_hal_rcc_ex.o
      2906        256          0          0          0      20697   stm32l4xx_hal_tim.o
       162         26          0          0          0       3120   stm32l4xx_hal_tim_ex.o
      2086         76          0          0          0      12400   stm32l4xx_hal_uart.o
         2          0          0          0          0       1020   stm32l4xx_hal_uart_ex.o
        44         12          0          0          0       5200   stm32l4xx_it.o
        68         12         72          4          0       1261   system_stm32l4xx.o
       684         52          0          0        228       4604   tim.o
       176         18          0          0        128       1758   usart.o

    ----------------------------------------------------------------------
     11870        862        496         56       1892     960007   Object Totals
         0          0         32          0          0          0   (incl. Generated)
        26          0          0          3          0          0   (incl. Padding)

    ----------------------------------------------------------------------

      Code (inc. data)   RO Data    RW Data    ZI Data      Debug   Library Member Name

         8          0          0          0          0         68   __main.o
       104          0          0          0          0         84   __printf.o
         0          0          0          0          0          0   __rtentry.o
        12          0          0          0          0          0   __rtentry2.o
         6          0          0          0          0          0   __rtentry4.o
        52          8          0          0          0          0   __scatter.o
        26          0          0          0          0          0   __scatter_copy.o
        28          0          0          0          0          0   __scatter_zi.o
        48          6          0          0          0         96   _printf_char_common.o
         6          0          0          0          0          0   _printf_f.o
      1060          0          0          0          0        216   _printf_fp_dec.o
       128         16          0          0          0         84   _printf_fp_infnan.o
         0          0          0          0          0          0   _printf_percent.o
         4          0          0          0          0          0   _printf_percent_end.o
        10          0          0          0          0         68   _sputc.o
       228          4        148          0          0         96   bigflt0.o
      1936        128          0          0          0        672   btod.o
        18          0          0          0          0         80   exit.o
         6          0          0          0          0        152   heapauxi.o
         0          0          0          0          0          0   indicate_semi.o
        44         10         28          0          0         76   lc_numeric_c.o
         2          0          0          0          0          0   libinit.o
        22          0          0          0          0          0   libinit2.o
         2          0          0          0          0          0   libshutdown.o
         2          0          0          0          0          0   libshutdown2.o
         8          4          0          0         96         68   libspace.o
       138          0          0          0          0         80   lludiv10.o
       238          0          0          0          0        100   lludivv7m.o
        40          6          0          0          0         84   noretval__2sprintf.o
         8          4          0          0          0         68   rt_locale_intlibspace.o
        78          0          0          0          0         80   rt_memclr_w.o
         2          0          0          0          0          0   rtexit.o
        10          0          0          0          0          0   rtexit2.o
       128          0          0          0          0         68   strcmpv7m.o
        12          4          0          0          0         68   sys_exit.o
        74          0          0          0          0         80   sys_stackheap_outer.o
         2          0          0          0          0         68   use_no_semi.o
        98          4          0          0          0        140   d2f.o
       688        140          0          0          0        256   ddiv.o
        46          0          0          0          0        116   dflt_clz.o
       340         12          0          0          0        152   dmul.o
       156          4          0          0          0        140   dnaninf.o
        12          0          0          0          0        116   dretinf.o
        86          4          0          0          0        132   f2d.o
       140          4          0          0          0        132   fnaninf.o
        10          0          0          0          0        116   fpinit.o
        10          0          0          0          0        116   fretinf.o
         4          0          0          0          0        116   printf1.o
         0          0          0          0          0          0   usenofp.o
        48          0          0          0          0        124   fpclassify.o

    ----------------------------------------------------------------------
      6142        358        176          0        100       4112   Library Totals
        14          0          0          0          4          0   (incl. Padding)

    ----------------------------------------------------------------------

      Code (inc. data)   RO Data    RW Data    ZI Data      Debug   Library Name

      4490        190        176          0         96       2456   c_w.l
      1590        168          0          0          0       1532   fz_wm.l
        48          0          0          0          0        124   m_wm.l

    ----------------------------------------------------------------------
      6142        358        176          0        100       4112   Library Totals

    ----------------------------------------------------------------------

==============================================================================


      Code (inc. data)   RO Data    RW Data    ZI Data      Debug   

     18012       1220        672         56       1992     952619   Grand Totals
     18012       1220        672         56       1992     952619   ELF Image Totals
     18012       1220        672         56          0          0   ROM Totals

==============================================================================

    Total RO  Size (Code + RO Data)                18684 (  18.25kB)
    Total RW  Size (RW Data + ZI Data)              2048 (   2.00kB)
    Total ROM Size (Code + RO Data + RW Data)      18740 (  18.30kB)

==============================================================================

